MPLINK 5.09, LINKER
Linker Map File - Created Thu Mar 24 11:38:54 2022

                                 Section Info
                  Section       Type    Address   Location Size(Bytes)
                ---------  ---------  ---------  ---------  ---------
                   .org_1       code   0x000000    program   0x000004
                   .cinit    romdata   0x000004    program   0x000002
                   .org_2       code   0x000008    program   0x000004
                   .org_0       code   0x000010    program   0x000008
                   .org_3       code   0x000018    program   0x0003a0
.config_300001_BUILD/DEFAULT/PRODUCTION/NEWPIC_    romdata   0x300001    program   0x000001
.config_300003_BUILD/DEFAULT/PRODUCTION/NEWPIC_    romdata   0x300003    program   0x000001
.config_300005_BUILD/DEFAULT/PRODUCTION/NEWPIC_    romdata   0x300005    program   0x000001



                              Program Memory Usage 
                               Start         End      
                           ---------   ---------      
                            0x000000    0x000005      
                            0x000008    0x00000b      
                            0x000010    0x0003b7      
                            0x300001    0x300001      
                            0x300003    0x300003      
                            0x300005    0x300005      
            949 out of 8472 program addresses used, program memory utilization is 11%



                              Symbols - Sorted by Name
                     Name    Address   Location    Storage File                     
                ---------  ---------  ---------  --------- ---------                
           AUTOMATIC_LOOP   0x000208    program     static C:\Users\adril\OneDrive\Desktop\Compus\Project 2\tests\combination.X\newpic_8b_simple.asm
       CHANGE_MANUAL_MODE   0x00001a    program     static C:\Users\adril\OneDrive\Desktop\Compus\Project 2\tests\combination.X\newpic_8b_simple.asm
              CHANGE_MODE   0x000020    program     static C:\Users\adril\OneDrive\Desktop\Compus\Project 2\tests\combination.X\newpic_8b_simple.asm
             CHECK_CENTRE   0x0001be    program     static C:\Users\adril\OneDrive\Desktop\Compus\Project 2\tests\combination.X\newpic_8b_simple.asm
               CHECK_LEFT   0x000176    program     static C:\Users\adril\OneDrive\Desktop\Compus\Project 2\tests\combination.X\newpic_8b_simple.asm
              CHECK_RIGHT   0x00019a    program     static C:\Users\adril\OneDrive\Desktop\Compus\Project 2\tests\combination.X\newpic_8b_simple.asm
       CONVERT_Letter_Pos   0x000366    program     static C:\Users\adril\OneDrive\Desktop\Compus\Project 2\tests\combination.X\newpic_8b_simple.asm
         CONVERT_POS_TIME   0x000314    program     static C:\Users\adril\OneDrive\Desktop\Compus\Project 2\tests\combination.X\newpic_8b_simple.asm
             DISPLAY_NOTE   0x000086    program     static C:\Users\adril\OneDrive\Desktop\Compus\Project 2\tests\combination.X\newpic_8b_simple.asm
                 HIGH_RSI   0x000026    program     static C:\Users\adril\OneDrive\Desktop\Compus\Project 2\tests\combination.X\newpic_8b_simple.asm
                 HIT_NOTE   0x0002f2    program     static C:\Users\adril\OneDrive\Desktop\Compus\Project 2\tests\combination.X\newpic_8b_simple.asm
          HIT_NOT_PRESSED   0x000298    program     static C:\Users\adril\OneDrive\Desktop\Compus\Project 2\tests\combination.X\newpic_8b_simple.asm
                 High_PWM   0x0000e8    program     static C:\Users\adril\OneDrive\Desktop\Compus\Project 2\tests\combination.X\newpic_8b_simple.asm
              INIT_EUSART   0x000044    program     static C:\Users\adril\OneDrive\Desktop\Compus\Project 2\tests\combination.X\newpic_8b_simple.asm
          INIT_INTERRUPTS   0x000034    program     static C:\Users\adril\OneDrive\Desktop\Compus\Project 2\tests\combination.X\newpic_8b_simple.asm
                 INIT_OSC   0x000058    program     static C:\Users\adril\OneDrive\Desktop\Compus\Project 2\tests\combination.X\newpic_8b_simple.asm
               INIT_PORTS   0x000064    program     static C:\Users\adril\OneDrive\Desktop\Compus\Project 2\tests\combination.X\newpic_8b_simple.asm
                INIT_TMR0   0x00005e    program     static C:\Users\adril\OneDrive\Desktop\Compus\Project 2\tests\combination.X\newpic_8b_simple.asm
   JOYSTICK_INTERNAL_LOOP   0x00029c    program     static C:\Users\adril\OneDrive\Desktop\Compus\Project 2\tests\combination.X\newpic_8b_simple.asm
                     MAIN   0x0001e0    program     static C:\Users\adril\OneDrive\Desktop\Compus\Project 2\tests\combination.X\newpic_8b_simple.asm
                MAIN_LOOP   0x0001f8    program     static C:\Users\adril\OneDrive\Desktop\Compus\Project 2\tests\combination.X\newpic_8b_simple.asm
              MANUAL_JAVA   0x0002b8    program     static C:\Users\adril\OneDrive\Desktop\Compus\Project 2\tests\combination.X\newpic_8b_simple.asm
          MANUAL_JOYSTICK   0x000280    program     static C:\Users\adril\OneDrive\Desktop\Compus\Project 2\tests\combination.X\newpic_8b_simple.asm
              MANUAL_LOOP   0x00026c    program     static C:\Users\adril\OneDrive\Desktop\Compus\Project 2\tests\combination.X\newpic_8b_simple.asm
             MOVE_SERVO_X   0x000106    program     static C:\Users\adril\OneDrive\Desktop\Compus\Project 2\tests\combination.X\newpic_8b_simple.asm
             MOVE_SERVO_Y   0x000132    program     static C:\Users\adril\OneDrive\Desktop\Compus\Project 2\tests\combination.X\newpic_8b_simple.asm
                   NO_HIT   0x00029a    program     static C:\Users\adril\OneDrive\Desktop\Compus\Project 2\tests\combination.X\newpic_8b_simple.asm
                  OVERRUN   0x0002ec    program     static C:\Users\adril\OneDrive\Desktop\Compus\Project 2\tests\combination.X\newpic_8b_simple.asm
               READ_VALUE   0x00007c    program     static C:\Users\adril\OneDrive\Desktop\Compus\Project 2\tests\combination.X\newpic_8b_simple.asm
               SET_NOTE_A   0x0000ca    program     static C:\Users\adril\OneDrive\Desktop\Compus\Project 2\tests\combination.X\newpic_8b_simple.asm
               SET_NOTE_B   0x0000d4    program     static C:\Users\adril\OneDrive\Desktop\Compus\Project 2\tests\combination.X\newpic_8b_simple.asm
               SET_NOTE_C   0x000098    program     static C:\Users\adril\OneDrive\Desktop\Compus\Project 2\tests\combination.X\newpic_8b_simple.asm
              SET_NOTE_C2   0x0000de    program     static C:\Users\adril\OneDrive\Desktop\Compus\Project 2\tests\combination.X\newpic_8b_simple.asm
               SET_NOTE_D   0x0000a2    program     static C:\Users\adril\OneDrive\Desktop\Compus\Project 2\tests\combination.X\newpic_8b_simple.asm
               SET_NOTE_E   0x0000ac    program     static C:\Users\adril\OneDrive\Desktop\Compus\Project 2\tests\combination.X\newpic_8b_simple.asm
               SET_NOTE_F   0x0000b6    program     static C:\Users\adril\OneDrive\Desktop\Compus\Project 2\tests\combination.X\newpic_8b_simple.asm
               SET_NOTE_G   0x0000c0    program     static C:\Users\adril\OneDrive\Desktop\Compus\Project 2\tests\combination.X\newpic_8b_simple.asm
           TIME_AT_HIGH_Y   0x00013a    program     static C:\Users\adril\OneDrive\Desktop\Compus\Project 2\tests\combination.X\newpic_8b_simple.asm
            TIME_AT_LOW_X   0x000112    program     static C:\Users\adril\OneDrive\Desktop\Compus\Project 2\tests\combination.X\newpic_8b_simple.asm
            TIME_AT_LOW_Y   0x000156    program     static C:\Users\adril\OneDrive\Desktop\Compus\Project 2\tests\combination.X\newpic_8b_simple.asm
             WAIT_RX_AUTO   0x000210    program     static C:\Users\adril\OneDrive\Desktop\Compus\Project 2\tests\combination.X\newpic_8b_simple.asm
        WAIT_RX_AUTO_PLAY   0x00023c    program     static C:\Users\adril\OneDrive\Desktop\Compus\Project 2\tests\combination.X\newpic_8b_simple.asm
              WAIT_RX_MAN   0x0002ba    program     static C:\Users\adril\OneDrive\Desktop\Compus\Project 2\tests\combination.X\newpic_8b_simple.asm
          WAIT_TRANS_AUTO   0x000234    program     static C:\Users\adril\OneDrive\Desktop\Compus\Project 2\tests\combination.X\newpic_8b_simple.asm
                   check2   0x0001d0    program     static C:\Users\adril\OneDrive\Desktop\Compus\Project 2\tests\combination.X\newpic_8b_simple.asm
                   middle   0x0001dc    program     static C:\Users\adril\OneDrive\Desktop\Compus\Project 2\tests\combination.X\newpic_8b_simple.asm



                              Symbols - Sorted by Address
                     Name    Address   Location    Storage File                     
                ---------  ---------  ---------  --------- ---------                
       CHANGE_MANUAL_MODE   0x00001a    program     static C:\Users\adril\OneDrive\Desktop\Compus\Project 2\tests\combination.X\newpic_8b_simple.asm
              CHANGE_MODE   0x000020    program     static C:\Users\adril\OneDrive\Desktop\Compus\Project 2\tests\combination.X\newpic_8b_simple.asm
                 HIGH_RSI   0x000026    program     static C:\Users\adril\OneDrive\Desktop\Compus\Project 2\tests\combination.X\newpic_8b_simple.asm
          INIT_INTERRUPTS   0x000034    program     static C:\Users\adril\OneDrive\Desktop\Compus\Project 2\tests\combination.X\newpic_8b_simple.asm
              INIT_EUSART   0x000044    program     static C:\Users\adril\OneDrive\Desktop\Compus\Project 2\tests\combination.X\newpic_8b_simple.asm
                 INIT_OSC   0x000058    program     static C:\Users\adril\OneDrive\Desktop\Compus\Project 2\tests\combination.X\newpic_8b_simple.asm
                INIT_TMR0   0x00005e    program     static C:\Users\adril\OneDrive\Desktop\Compus\Project 2\tests\combination.X\newpic_8b_simple.asm
               INIT_PORTS   0x000064    program     static C:\Users\adril\OneDrive\Desktop\Compus\Project 2\tests\combination.X\newpic_8b_simple.asm
               READ_VALUE   0x00007c    program     static C:\Users\adril\OneDrive\Desktop\Compus\Project 2\tests\combination.X\newpic_8b_simple.asm
             DISPLAY_NOTE   0x000086    program     static C:\Users\adril\OneDrive\Desktop\Compus\Project 2\tests\combination.X\newpic_8b_simple.asm
               SET_NOTE_C   0x000098    program     static C:\Users\adril\OneDrive\Desktop\Compus\Project 2\tests\combination.X\newpic_8b_simple.asm
               SET_NOTE_D   0x0000a2    program     static C:\Users\adril\OneDrive\Desktop\Compus\Project 2\tests\combination.X\newpic_8b_simple.asm
               SET_NOTE_E   0x0000ac    program     static C:\Users\adril\OneDrive\Desktop\Compus\Project 2\tests\combination.X\newpic_8b_simple.asm
               SET_NOTE_F   0x0000b6    program     static C:\Users\adril\OneDrive\Desktop\Compus\Project 2\tests\combination.X\newpic_8b_simple.asm
               SET_NOTE_G   0x0000c0    program     static C:\Users\adril\OneDrive\Desktop\Compus\Project 2\tests\combination.X\newpic_8b_simple.asm
               SET_NOTE_A   0x0000ca    program     static C:\Users\adril\OneDrive\Desktop\Compus\Project 2\tests\combination.X\newpic_8b_simple.asm
               SET_NOTE_B   0x0000d4    program     static C:\Users\adril\OneDrive\Desktop\Compus\Project 2\tests\combination.X\newpic_8b_simple.asm
              SET_NOTE_C2   0x0000de    program     static C:\Users\adril\OneDrive\Desktop\Compus\Project 2\tests\combination.X\newpic_8b_simple.asm
                 High_PWM   0x0000e8    program     static C:\Users\adril\OneDrive\Desktop\Compus\Project 2\tests\combination.X\newpic_8b_simple.asm
             MOVE_SERVO_X   0x000106    program     static C:\Users\adril\OneDrive\Desktop\Compus\Project 2\tests\combination.X\newpic_8b_simple.asm
            TIME_AT_LOW_X   0x000112    program     static C:\Users\adril\OneDrive\Desktop\Compus\Project 2\tests\combination.X\newpic_8b_simple.asm
             MOVE_SERVO_Y   0x000132    program     static C:\Users\adril\OneDrive\Desktop\Compus\Project 2\tests\combination.X\newpic_8b_simple.asm
           TIME_AT_HIGH_Y   0x00013a    program     static C:\Users\adril\OneDrive\Desktop\Compus\Project 2\tests\combination.X\newpic_8b_simple.asm
            TIME_AT_LOW_Y   0x000156    program     static C:\Users\adril\OneDrive\Desktop\Compus\Project 2\tests\combination.X\newpic_8b_simple.asm
               CHECK_LEFT   0x000176    program     static C:\Users\adril\OneDrive\Desktop\Compus\Project 2\tests\combination.X\newpic_8b_simple.asm
              CHECK_RIGHT   0x00019a    program     static C:\Users\adril\OneDrive\Desktop\Compus\Project 2\tests\combination.X\newpic_8b_simple.asm
             CHECK_CENTRE   0x0001be    program     static C:\Users\adril\OneDrive\Desktop\Compus\Project 2\tests\combination.X\newpic_8b_simple.asm
                   check2   0x0001d0    program     static C:\Users\adril\OneDrive\Desktop\Compus\Project 2\tests\combination.X\newpic_8b_simple.asm
                   middle   0x0001dc    program     static C:\Users\adril\OneDrive\Desktop\Compus\Project 2\tests\combination.X\newpic_8b_simple.asm
                     MAIN   0x0001e0    program     static C:\Users\adril\OneDrive\Desktop\Compus\Project 2\tests\combination.X\newpic_8b_simple.asm
                MAIN_LOOP   0x0001f8    program     static C:\Users\adril\OneDrive\Desktop\Compus\Project 2\tests\combination.X\newpic_8b_simple.asm
           AUTOMATIC_LOOP   0x000208    program     static C:\Users\adril\OneDrive\Desktop\Compus\Project 2\tests\combination.X\newpic_8b_simple.asm
             WAIT_RX_AUTO   0x000210    program     static C:\Users\adril\OneDrive\Desktop\Compus\Project 2\tests\combination.X\newpic_8b_simple.asm
          WAIT_TRANS_AUTO   0x000234    program     static C:\Users\adril\OneDrive\Desktop\Compus\Project 2\tests\combination.X\newpic_8b_simple.asm
        WAIT_RX_AUTO_PLAY   0x00023c    program     static C:\Users\adril\OneDrive\Desktop\Compus\Project 2\tests\combination.X\newpic_8b_simple.asm
              MANUAL_LOOP   0x00026c    program     static C:\Users\adril\OneDrive\Desktop\Compus\Project 2\tests\combination.X\newpic_8b_simple.asm
          MANUAL_JOYSTICK   0x000280    program     static C:\Users\adril\OneDrive\Desktop\Compus\Project 2\tests\combination.X\newpic_8b_simple.asm
          HIT_NOT_PRESSED   0x000298    program     static C:\Users\adril\OneDrive\Desktop\Compus\Project 2\tests\combination.X\newpic_8b_simple.asm
                   NO_HIT   0x00029a    program     static C:\Users\adril\OneDrive\Desktop\Compus\Project 2\tests\combination.X\newpic_8b_simple.asm
   JOYSTICK_INTERNAL_LOOP   0x00029c    program     static C:\Users\adril\OneDrive\Desktop\Compus\Project 2\tests\combination.X\newpic_8b_simple.asm
              MANUAL_JAVA   0x0002b8    program     static C:\Users\adril\OneDrive\Desktop\Compus\Project 2\tests\combination.X\newpic_8b_simple.asm
              WAIT_RX_MAN   0x0002ba    program     static C:\Users\adril\OneDrive\Desktop\Compus\Project 2\tests\combination.X\newpic_8b_simple.asm
                  OVERRUN   0x0002ec    program     static C:\Users\adril\OneDrive\Desktop\Compus\Project 2\tests\combination.X\newpic_8b_simple.asm
                 HIT_NOTE   0x0002f2    program     static C:\Users\adril\OneDrive\Desktop\Compus\Project 2\tests\combination.X\newpic_8b_simple.asm
         CONVERT_POS_TIME   0x000314    program     static C:\Users\adril\OneDrive\Desktop\Compus\Project 2\tests\combination.X\newpic_8b_simple.asm
       CONVERT_Letter_Pos   0x000366    program     static C:\Users\adril\OneDrive\Desktop\Compus\Project 2\tests\combination.X\newpic_8b_simple.asm


