MPLINK 5.09, LINKER
Linker Map File - Created Sun Mar 27 23:26:01 2022

                                 Section Info
                  Section       Type    Address   Location Size(Bytes)
                ---------  ---------  ---------  ---------  ---------
                   .org_1       code   0x000000    program   0x000004
                   .cinit    romdata   0x000004    program   0x000002
                   .org_2       code   0x000008    program   0x000004
                   .org_0       code   0x000010    program   0x000008
                   .org_3       code   0x000018    program   0x000676
.config_300001_BUILD/DEFAULT/PRODUCTION/JOYSTIC    romdata   0x300001    program   0x000001
.config_300003_BUILD/DEFAULT/PRODUCTION/JOYSTIC    romdata   0x300003    program   0x000001
.config_300005_BUILD/DEFAULT/PRODUCTION/JOYSTIC    romdata   0x300005    program   0x000001



                              Program Memory Usage 
                               Start         End      
                           ---------   ---------      
                            0x000000    0x000005      
                            0x000008    0x00000b      
                            0x000010    0x00068d      
                            0x300001    0x300001      
                            0x300003    0x300003      
                            0x300005    0x300005      
            1675 out of 8472 program addresses used, program memory utilization is 19%



                              Symbols - Sorted by Name
                     Name    Address   Location    Storage File                     
                ---------  ---------  ---------  --------- ---------                
                 ASK_JAVA   0x00008a    program     static C:\Users\adril\OneDrive\Desktop\Compus\Project 2\tests\Joystick\joystick.X\joystick to pwm.asm
           AUTOMATIC_LOOP   0x00036a    program     static C:\Users\adril\OneDrive\Desktop\Compus\Project 2\tests\Joystick\joystick.X\joystick to pwm.asm
       CHANGE_MANUAL_MODE   0x00003a    program     static C:\Users\adril\OneDrive\Desktop\Compus\Project 2\tests\Joystick\joystick.X\joystick to pwm.asm
              CHANGE_MODE   0x00004a    program     static C:\Users\adril\OneDrive\Desktop\Compus\Project 2\tests\Joystick\joystick.X\joystick to pwm.asm
             CHECK_CENTRE   0x0002fc    program     static C:\Users\adril\OneDrive\Desktop\Compus\Project 2\tests\Joystick\joystick.X\joystick to pwm.asm
               CHECK_LEFT   0x0002b4    program     static C:\Users\adril\OneDrive\Desktop\Compus\Project 2\tests\Joystick\joystick.X\joystick to pwm.asm
           CHECK_REC_TIME   0x00031e    program     static C:\Users\adril\OneDrive\Desktop\Compus\Project 2\tests\Joystick\joystick.X\joystick to pwm.asm
              CHECK_RIGHT   0x0002d8    program     static C:\Users\adril\OneDrive\Desktop\Compus\Project 2\tests\Joystick\joystick.X\joystick to pwm.asm
       CONVERT_Letter_Pos   0x0005ac    program     static C:\Users\adril\OneDrive\Desktop\Compus\Project 2\tests\Joystick\joystick.X\joystick to pwm.asm
         CONVERT_POS_TIME   0x00055a    program     static C:\Users\adril\OneDrive\Desktop\Compus\Project 2\tests\Joystick\joystick.X\joystick to pwm.asm
            DEBOUNCE_LOOP   0x00001a    program     static C:\Users\adril\OneDrive\Desktop\Compus\Project 2\tests\Joystick\joystick.X\joystick to pwm.asm
               DELAY_LOOP   0x00012e    program     static C:\Users\adril\OneDrive\Desktop\Compus\Project 2\tests\Joystick\joystick.X\joystick to pwm.asm
             DISPLAY_NOTE   0x0001ec    program     static C:\Users\adril\OneDrive\Desktop\Compus\Project 2\tests\Joystick\joystick.X\joystick to pwm.asm
               DONE_DELAY   0x000158    program     static C:\Users\adril\OneDrive\Desktop\Compus\Project 2\tests\Joystick\joystick.X\joystick to pwm.asm
             DONE_PLAYING   0x00016c    program     static C:\Users\adril\OneDrive\Desktop\Compus\Project 2\tests\Joystick\joystick.X\joystick to pwm.asm
                    EQ_60   0x00033a    program     static C:\Users\adril\OneDrive\Desktop\Compus\Project 2\tests\Joystick\joystick.X\joystick to pwm.asm
                 EQ_DELAY   0x00014c    program     static C:\Users\adril\OneDrive\Desktop\Compus\Project 2\tests\Joystick\joystick.X\joystick to pwm.asm
              GT_OR_EQ_60   0x000330    program     static C:\Users\adril\OneDrive\Desktop\Compus\Project 2\tests\Joystick\joystick.X\joystick to pwm.asm
           GT_OR_EQ_DELAY   0x000142    program     static C:\Users\adril\OneDrive\Desktop\Compus\Project 2\tests\Joystick\joystick.X\joystick to pwm.asm
                 HIGH_RSI   0x000176    program     static C:\Users\adril\OneDrive\Desktop\Compus\Project 2\tests\Joystick\joystick.X\joystick to pwm.asm
                 HIT_NOTE   0x00049c    program     static C:\Users\adril\OneDrive\Desktop\Compus\Project 2\tests\Joystick\joystick.X\joystick to pwm.asm
          HIT_NOT_PRESSED   0x00042a    program     static C:\Users\adril\OneDrive\Desktop\Compus\Project 2\tests\Joystick\joystick.X\joystick to pwm.asm
                 High_PWM   0x000200    program     static C:\Users\adril\OneDrive\Desktop\Compus\Project 2\tests\Joystick\joystick.X\joystick to pwm.asm
              INIT_EUSART   0x0001a2    program     static C:\Users\adril\OneDrive\Desktop\Compus\Project 2\tests\Joystick\joystick.X\joystick to pwm.asm
          INIT_INTERRUPTS   0x00018a    program     static C:\Users\adril\OneDrive\Desktop\Compus\Project 2\tests\Joystick\joystick.X\joystick to pwm.asm
                 INIT_OSC   0x0001b6    program     static C:\Users\adril\OneDrive\Desktop\Compus\Project 2\tests\Joystick\joystick.X\joystick to pwm.asm
               INIT_PORTS   0x0001c8    program     static C:\Users\adril\OneDrive\Desktop\Compus\Project 2\tests\Joystick\joystick.X\joystick to pwm.asm
            INIT_TMR0_PWM   0x0001bc    program     static C:\Users\adril\OneDrive\Desktop\Compus\Project 2\tests\Joystick\joystick.X\joystick to pwm.asm
       INIT_TMR0_REC_IDLE   0x0001c2    program     static C:\Users\adril\OneDrive\Desktop\Compus\Project 2\tests\Joystick\joystick.X\joystick to pwm.asm
        INNER_BOUNCE_LOOP   0x00001c    program     static C:\Users\adril\OneDrive\Desktop\Compus\Project 2\tests\Joystick\joystick.X\joystick to pwm.asm
   JOYSTICK_INTERNAL_LOOP   0x00042e    program     static C:\Users\adril\OneDrive\Desktop\Compus\Project 2\tests\Joystick\joystick.X\joystick to pwm.asm
                     MAIN   0x000342    program     static C:\Users\adril\OneDrive\Desktop\Compus\Project 2\tests\Joystick\joystick.X\joystick to pwm.asm
                MAIN_LOOP   0x00035a    program     static C:\Users\adril\OneDrive\Desktop\Compus\Project 2\tests\Joystick\joystick.X\joystick to pwm.asm
              MANUAL_JAVA   0x00044a    program     static C:\Users\adril\OneDrive\Desktop\Compus\Project 2\tests\Joystick\joystick.X\joystick to pwm.asm
          MANUAL_JOYSTICK   0x0003fc    program     static C:\Users\adril\OneDrive\Desktop\Compus\Project 2\tests\Joystick\joystick.X\joystick to pwm.asm
              MANUAL_LOOP   0x0003d4    program     static C:\Users\adril\OneDrive\Desktop\Compus\Project 2\tests\Joystick\joystick.X\joystick to pwm.asm
             MOVE_SERVO_X   0x00021e    program     static C:\Users\adril\OneDrive\Desktop\Compus\Project 2\tests\Joystick\joystick.X\joystick to pwm.asm
             MOVE_SERVO_Y   0x000270    program     static C:\Users\adril\OneDrive\Desktop\Compus\Project 2\tests\Joystick\joystick.X\joystick to pwm.asm
            NEW_RECORDING   0x0000ac    program     static C:\Users\adril\OneDrive\Desktop\Compus\Project 2\tests\Joystick\joystick.X\joystick to pwm.asm
                   NO_HIT   0x00042c    program     static C:\Users\adril\OneDrive\Desktop\Compus\Project 2\tests\Joystick\joystick.X\joystick to pwm.asm
                  OLD_REC   0x00006c    program     static C:\Users\adril\OneDrive\Desktop\Compus\Project 2\tests\Joystick\joystick.X\joystick to pwm.asm
                  OVERRUN   0x000496    program     static C:\Users\adril\OneDrive\Desktop\Compus\Project 2\tests\Joystick\joystick.X\joystick to pwm.asm
                PLAY_LOOP   0x00010c    program     static C:\Users\adril\OneDrive\Desktop\Compus\Project 2\tests\Joystick\joystick.X\joystick to pwm.asm
           PLAY_RECORDING   0x0000ec    program     static C:\Users\adril\OneDrive\Desktop\Compus\Project 2\tests\Joystick\joystick.X\joystick to pwm.asm
               READ_VALUE   0x0001e2    program     static C:\Users\adril\OneDrive\Desktop\Compus\Project 2\tests\Joystick\joystick.X\joystick to pwm.asm
           RECORD_PRESSED   0x0000d2    program     static C:\Users\adril\OneDrive\Desktop\Compus\Project 2\tests\Joystick\joystick.X\joystick to pwm.asm
      RECORD_PRESSED_LOOP   0x0000e2    program     static C:\Users\adril\OneDrive\Desktop\Compus\Project 2\tests\Joystick\joystick.X\joystick to pwm.asm
                 REC_LEDS   0x0003e8    program     static C:\Users\adril\OneDrive\Desktop\Compus\Project 2\tests\Joystick\joystick.X\joystick to pwm.asm
                 REC_OVER   0x0004d4    program     static C:\Users\adril\OneDrive\Desktop\Compus\Project 2\tests\Joystick\joystick.X\joystick to pwm.asm
                SAVE_NOTE   0x00050c    program     static C:\Users\adril\OneDrive\Desktop\Compus\Project 2\tests\Joystick\joystick.X\joystick to pwm.asm
              SELECT_MODE   0x0003ee    program     static C:\Users\adril\OneDrive\Desktop\Compus\Project 2\tests\Joystick\joystick.X\joystick to pwm.asm
                SEND_NOTE   0x000536    program     static C:\Users\adril\OneDrive\Desktop\Compus\Project 2\tests\Joystick\joystick.X\joystick to pwm.asm
           SEND_STOP_JAVA   0x0004fe    program     static C:\Users\adril\OneDrive\Desktop\Compus\Project 2\tests\Joystick\joystick.X\joystick to pwm.asm
               SET_NOTE_A   0x000658    program     static C:\Users\adril\OneDrive\Desktop\Compus\Project 2\tests\Joystick\joystick.X\joystick to pwm.asm
               SET_NOTE_B   0x00066a    program     static C:\Users\adril\OneDrive\Desktop\Compus\Project 2\tests\Joystick\joystick.X\joystick to pwm.asm
               SET_NOTE_C   0x0005fe    program     static C:\Users\adril\OneDrive\Desktop\Compus\Project 2\tests\Joystick\joystick.X\joystick to pwm.asm
              SET_NOTE_C2   0x00067c    program     static C:\Users\adril\OneDrive\Desktop\Compus\Project 2\tests\Joystick\joystick.X\joystick to pwm.asm
               SET_NOTE_D   0x000610    program     static C:\Users\adril\OneDrive\Desktop\Compus\Project 2\tests\Joystick\joystick.X\joystick to pwm.asm
               SET_NOTE_E   0x000622    program     static C:\Users\adril\OneDrive\Desktop\Compus\Project 2\tests\Joystick\joystick.X\joystick to pwm.asm
               SET_NOTE_F   0x000634    program     static C:\Users\adril\OneDrive\Desktop\Compus\Project 2\tests\Joystick\joystick.X\joystick to pwm.asm
               SET_NOTE_G   0x000646    program     static C:\Users\adril\OneDrive\Desktop\Compus\Project 2\tests\Joystick\joystick.X\joystick to pwm.asm
            SET_RECORDING   0x00005c    program     static C:\Users\adril\OneDrive\Desktop\Compus\Project 2\tests\Joystick\joystick.X\joystick to pwm.asm
              START_PWM_X   0x00022e    program     static C:\Users\adril\OneDrive\Desktop\Compus\Project 2\tests\Joystick\joystick.X\joystick to pwm.asm
           TIME_AT_HIGH_Y   0x000278    program     static C:\Users\adril\OneDrive\Desktop\Compus\Project 2\tests\Joystick\joystick.X\joystick to pwm.asm
            TIME_AT_LOW_X   0x000238    program     static C:\Users\adril\OneDrive\Desktop\Compus\Project 2\tests\Joystick\joystick.X\joystick to pwm.asm
            TIME_AT_LOW_Y   0x000294    program     static C:\Users\adril\OneDrive\Desktop\Compus\Project 2\tests\Joystick\joystick.X\joystick to pwm.asm
                  WAIT_RX   0x00044c    program     static C:\Users\adril\OneDrive\Desktop\Compus\Project 2\tests\Joystick\joystick.X\joystick to pwm.asm
             WAIT_RX_AUTO   0x000372    program     static C:\Users\adril\OneDrive\Desktop\Compus\Project 2\tests\Joystick\joystick.X\joystick to pwm.asm
        WAIT_RX_AUTO_PLAY   0x0003a4    program     static C:\Users\adril\OneDrive\Desktop\Compus\Project 2\tests\Joystick\joystick.X\joystick to pwm.asm
          WAIT_TRANS_AUTO   0x00039e    program     static C:\Users\adril\OneDrive\Desktop\Compus\Project 2\tests\Joystick\joystick.X\joystick to pwm.asm
       WAIT_TRANS_DELAY_H   0x000552    program     static C:\Users\adril\OneDrive\Desktop\Compus\Project 2\tests\Joystick\joystick.X\joystick to pwm.asm
       WAIT_TRANS_DELAY_L   0x000548    program     static C:\Users\adril\OneDrive\Desktop\Compus\Project 2\tests\Joystick\joystick.X\joystick to pwm.asm
   WAIT_TRANS_NOTE_LETTER   0x00053e    program     static C:\Users\adril\OneDrive\Desktop\Compus\Project 2\tests\Joystick\joystick.X\joystick to pwm.asm
     WAIT_TRANS_START_REC   0x00008e    program     static C:\Users\adril\OneDrive\Desktop\Compus\Project 2\tests\Joystick\joystick.X\joystick to pwm.asm
      WAIT_TRANS_STOP_REC   0x000502    program     static C:\Users\adril\OneDrive\Desktop\Compus\Project 2\tests\Joystick\joystick.X\joystick to pwm.asm
                WIPE_LOOP   0x00007a    program     static C:\Users\adril\OneDrive\Desktop\Compus\Project 2\tests\Joystick\joystick.X\joystick to pwm.asm
                 WIPE_RAM   0x000072    program     static C:\Users\adril\OneDrive\Desktop\Compus\Project 2\tests\Joystick\joystick.X\joystick to pwm.asm
                   check2   0x00030e    program     static C:\Users\adril\OneDrive\Desktop\Compus\Project 2\tests\Joystick\joystick.X\joystick to pwm.asm
                   middle   0x00031a    program     static C:\Users\adril\OneDrive\Desktop\Compus\Project 2\tests\Joystick\joystick.X\joystick to pwm.asm



                              Symbols - Sorted by Address
                     Name    Address   Location    Storage File                     
                ---------  ---------  ---------  --------- ---------                
            DEBOUNCE_LOOP   0x00001a    program     static C:\Users\adril\OneDrive\Desktop\Compus\Project 2\tests\Joystick\joystick.X\joystick to pwm.asm
        INNER_BOUNCE_LOOP   0x00001c    program     static C:\Users\adril\OneDrive\Desktop\Compus\Project 2\tests\Joystick\joystick.X\joystick to pwm.asm
       CHANGE_MANUAL_MODE   0x00003a    program     static C:\Users\adril\OneDrive\Desktop\Compus\Project 2\tests\Joystick\joystick.X\joystick to pwm.asm
              CHANGE_MODE   0x00004a    program     static C:\Users\adril\OneDrive\Desktop\Compus\Project 2\tests\Joystick\joystick.X\joystick to pwm.asm
            SET_RECORDING   0x00005c    program     static C:\Users\adril\OneDrive\Desktop\Compus\Project 2\tests\Joystick\joystick.X\joystick to pwm.asm
                  OLD_REC   0x00006c    program     static C:\Users\adril\OneDrive\Desktop\Compus\Project 2\tests\Joystick\joystick.X\joystick to pwm.asm
                 WIPE_RAM   0x000072    program     static C:\Users\adril\OneDrive\Desktop\Compus\Project 2\tests\Joystick\joystick.X\joystick to pwm.asm
                WIPE_LOOP   0x00007a    program     static C:\Users\adril\OneDrive\Desktop\Compus\Project 2\tests\Joystick\joystick.X\joystick to pwm.asm
                 ASK_JAVA   0x00008a    program     static C:\Users\adril\OneDrive\Desktop\Compus\Project 2\tests\Joystick\joystick.X\joystick to pwm.asm
     WAIT_TRANS_START_REC   0x00008e    program     static C:\Users\adril\OneDrive\Desktop\Compus\Project 2\tests\Joystick\joystick.X\joystick to pwm.asm
            NEW_RECORDING   0x0000ac    program     static C:\Users\adril\OneDrive\Desktop\Compus\Project 2\tests\Joystick\joystick.X\joystick to pwm.asm
           RECORD_PRESSED   0x0000d2    program     static C:\Users\adril\OneDrive\Desktop\Compus\Project 2\tests\Joystick\joystick.X\joystick to pwm.asm
      RECORD_PRESSED_LOOP   0x0000e2    program     static C:\Users\adril\OneDrive\Desktop\Compus\Project 2\tests\Joystick\joystick.X\joystick to pwm.asm
           PLAY_RECORDING   0x0000ec    program     static C:\Users\adril\OneDrive\Desktop\Compus\Project 2\tests\Joystick\joystick.X\joystick to pwm.asm
                PLAY_LOOP   0x00010c    program     static C:\Users\adril\OneDrive\Desktop\Compus\Project 2\tests\Joystick\joystick.X\joystick to pwm.asm
               DELAY_LOOP   0x00012e    program     static C:\Users\adril\OneDrive\Desktop\Compus\Project 2\tests\Joystick\joystick.X\joystick to pwm.asm
           GT_OR_EQ_DELAY   0x000142    program     static C:\Users\adril\OneDrive\Desktop\Compus\Project 2\tests\Joystick\joystick.X\joystick to pwm.asm
                 EQ_DELAY   0x00014c    program     static C:\Users\adril\OneDrive\Desktop\Compus\Project 2\tests\Joystick\joystick.X\joystick to pwm.asm
               DONE_DELAY   0x000158    program     static C:\Users\adril\OneDrive\Desktop\Compus\Project 2\tests\Joystick\joystick.X\joystick to pwm.asm
             DONE_PLAYING   0x00016c    program     static C:\Users\adril\OneDrive\Desktop\Compus\Project 2\tests\Joystick\joystick.X\joystick to pwm.asm
                 HIGH_RSI   0x000176    program     static C:\Users\adril\OneDrive\Desktop\Compus\Project 2\tests\Joystick\joystick.X\joystick to pwm.asm
          INIT_INTERRUPTS   0x00018a    program     static C:\Users\adril\OneDrive\Desktop\Compus\Project 2\tests\Joystick\joystick.X\joystick to pwm.asm
              INIT_EUSART   0x0001a2    program     static C:\Users\adril\OneDrive\Desktop\Compus\Project 2\tests\Joystick\joystick.X\joystick to pwm.asm
                 INIT_OSC   0x0001b6    program     static C:\Users\adril\OneDrive\Desktop\Compus\Project 2\tests\Joystick\joystick.X\joystick to pwm.asm
            INIT_TMR0_PWM   0x0001bc    program     static C:\Users\adril\OneDrive\Desktop\Compus\Project 2\tests\Joystick\joystick.X\joystick to pwm.asm
       INIT_TMR0_REC_IDLE   0x0001c2    program     static C:\Users\adril\OneDrive\Desktop\Compus\Project 2\tests\Joystick\joystick.X\joystick to pwm.asm
               INIT_PORTS   0x0001c8    program     static C:\Users\adril\OneDrive\Desktop\Compus\Project 2\tests\Joystick\joystick.X\joystick to pwm.asm
               READ_VALUE   0x0001e2    program     static C:\Users\adril\OneDrive\Desktop\Compus\Project 2\tests\Joystick\joystick.X\joystick to pwm.asm
             DISPLAY_NOTE   0x0001ec    program     static C:\Users\adril\OneDrive\Desktop\Compus\Project 2\tests\Joystick\joystick.X\joystick to pwm.asm
                 High_PWM   0x000200    program     static C:\Users\adril\OneDrive\Desktop\Compus\Project 2\tests\Joystick\joystick.X\joystick to pwm.asm
             MOVE_SERVO_X   0x00021e    program     static C:\Users\adril\OneDrive\Desktop\Compus\Project 2\tests\Joystick\joystick.X\joystick to pwm.asm
              START_PWM_X   0x00022e    program     static C:\Users\adril\OneDrive\Desktop\Compus\Project 2\tests\Joystick\joystick.X\joystick to pwm.asm
            TIME_AT_LOW_X   0x000238    program     static C:\Users\adril\OneDrive\Desktop\Compus\Project 2\tests\Joystick\joystick.X\joystick to pwm.asm
             MOVE_SERVO_Y   0x000270    program     static C:\Users\adril\OneDrive\Desktop\Compus\Project 2\tests\Joystick\joystick.X\joystick to pwm.asm
           TIME_AT_HIGH_Y   0x000278    program     static C:\Users\adril\OneDrive\Desktop\Compus\Project 2\tests\Joystick\joystick.X\joystick to pwm.asm
            TIME_AT_LOW_Y   0x000294    program     static C:\Users\adril\OneDrive\Desktop\Compus\Project 2\tests\Joystick\joystick.X\joystick to pwm.asm
               CHECK_LEFT   0x0002b4    program     static C:\Users\adril\OneDrive\Desktop\Compus\Project 2\tests\Joystick\joystick.X\joystick to pwm.asm
              CHECK_RIGHT   0x0002d8    program     static C:\Users\adril\OneDrive\Desktop\Compus\Project 2\tests\Joystick\joystick.X\joystick to pwm.asm
             CHECK_CENTRE   0x0002fc    program     static C:\Users\adril\OneDrive\Desktop\Compus\Project 2\tests\Joystick\joystick.X\joystick to pwm.asm
                   check2   0x00030e    program     static C:\Users\adril\OneDrive\Desktop\Compus\Project 2\tests\Joystick\joystick.X\joystick to pwm.asm
                   middle   0x00031a    program     static C:\Users\adril\OneDrive\Desktop\Compus\Project 2\tests\Joystick\joystick.X\joystick to pwm.asm
           CHECK_REC_TIME   0x00031e    program     static C:\Users\adril\OneDrive\Desktop\Compus\Project 2\tests\Joystick\joystick.X\joystick to pwm.asm
              GT_OR_EQ_60   0x000330    program     static C:\Users\adril\OneDrive\Desktop\Compus\Project 2\tests\Joystick\joystick.X\joystick to pwm.asm
                    EQ_60   0x00033a    program     static C:\Users\adril\OneDrive\Desktop\Compus\Project 2\tests\Joystick\joystick.X\joystick to pwm.asm
                     MAIN   0x000342    program     static C:\Users\adril\OneDrive\Desktop\Compus\Project 2\tests\Joystick\joystick.X\joystick to pwm.asm
                MAIN_LOOP   0x00035a    program     static C:\Users\adril\OneDrive\Desktop\Compus\Project 2\tests\Joystick\joystick.X\joystick to pwm.asm
           AUTOMATIC_LOOP   0x00036a    program     static C:\Users\adril\OneDrive\Desktop\Compus\Project 2\tests\Joystick\joystick.X\joystick to pwm.asm
             WAIT_RX_AUTO   0x000372    program     static C:\Users\adril\OneDrive\Desktop\Compus\Project 2\tests\Joystick\joystick.X\joystick to pwm.asm
          WAIT_TRANS_AUTO   0x00039e    program     static C:\Users\adril\OneDrive\Desktop\Compus\Project 2\tests\Joystick\joystick.X\joystick to pwm.asm
        WAIT_RX_AUTO_PLAY   0x0003a4    program     static C:\Users\adril\OneDrive\Desktop\Compus\Project 2\tests\Joystick\joystick.X\joystick to pwm.asm
              MANUAL_LOOP   0x0003d4    program     static C:\Users\adril\OneDrive\Desktop\Compus\Project 2\tests\Joystick\joystick.X\joystick to pwm.asm
                 REC_LEDS   0x0003e8    program     static C:\Users\adril\OneDrive\Desktop\Compus\Project 2\tests\Joystick\joystick.X\joystick to pwm.asm
              SELECT_MODE   0x0003ee    program     static C:\Users\adril\OneDrive\Desktop\Compus\Project 2\tests\Joystick\joystick.X\joystick to pwm.asm
          MANUAL_JOYSTICK   0x0003fc    program     static C:\Users\adril\OneDrive\Desktop\Compus\Project 2\tests\Joystick\joystick.X\joystick to pwm.asm
          HIT_NOT_PRESSED   0x00042a    program     static C:\Users\adril\OneDrive\Desktop\Compus\Project 2\tests\Joystick\joystick.X\joystick to pwm.asm
                   NO_HIT   0x00042c    program     static C:\Users\adril\OneDrive\Desktop\Compus\Project 2\tests\Joystick\joystick.X\joystick to pwm.asm
   JOYSTICK_INTERNAL_LOOP   0x00042e    program     static C:\Users\adril\OneDrive\Desktop\Compus\Project 2\tests\Joystick\joystick.X\joystick to pwm.asm
              MANUAL_JAVA   0x00044a    program     static C:\Users\adril\OneDrive\Desktop\Compus\Project 2\tests\Joystick\joystick.X\joystick to pwm.asm
                  WAIT_RX   0x00044c    program     static C:\Users\adril\OneDrive\Desktop\Compus\Project 2\tests\Joystick\joystick.X\joystick to pwm.asm
                  OVERRUN   0x000496    program     static C:\Users\adril\OneDrive\Desktop\Compus\Project 2\tests\Joystick\joystick.X\joystick to pwm.asm
                 HIT_NOTE   0x00049c    program     static C:\Users\adril\OneDrive\Desktop\Compus\Project 2\tests\Joystick\joystick.X\joystick to pwm.asm
                 REC_OVER   0x0004d4    program     static C:\Users\adril\OneDrive\Desktop\Compus\Project 2\tests\Joystick\joystick.X\joystick to pwm.asm
           SEND_STOP_JAVA   0x0004fe    program     static C:\Users\adril\OneDrive\Desktop\Compus\Project 2\tests\Joystick\joystick.X\joystick to pwm.asm
      WAIT_TRANS_STOP_REC   0x000502    program     static C:\Users\adril\OneDrive\Desktop\Compus\Project 2\tests\Joystick\joystick.X\joystick to pwm.asm
                SAVE_NOTE   0x00050c    program     static C:\Users\adril\OneDrive\Desktop\Compus\Project 2\tests\Joystick\joystick.X\joystick to pwm.asm
                SEND_NOTE   0x000536    program     static C:\Users\adril\OneDrive\Desktop\Compus\Project 2\tests\Joystick\joystick.X\joystick to pwm.asm
   WAIT_TRANS_NOTE_LETTER   0x00053e    program     static C:\Users\adril\OneDrive\Desktop\Compus\Project 2\tests\Joystick\joystick.X\joystick to pwm.asm
       WAIT_TRANS_DELAY_L   0x000548    program     static C:\Users\adril\OneDrive\Desktop\Compus\Project 2\tests\Joystick\joystick.X\joystick to pwm.asm
       WAIT_TRANS_DELAY_H   0x000552    program     static C:\Users\adril\OneDrive\Desktop\Compus\Project 2\tests\Joystick\joystick.X\joystick to pwm.asm
         CONVERT_POS_TIME   0x00055a    program     static C:\Users\adril\OneDrive\Desktop\Compus\Project 2\tests\Joystick\joystick.X\joystick to pwm.asm
       CONVERT_Letter_Pos   0x0005ac    program     static C:\Users\adril\OneDrive\Desktop\Compus\Project 2\tests\Joystick\joystick.X\joystick to pwm.asm
               SET_NOTE_C   0x0005fe    program     static C:\Users\adril\OneDrive\Desktop\Compus\Project 2\tests\Joystick\joystick.X\joystick to pwm.asm
               SET_NOTE_D   0x000610    program     static C:\Users\adril\OneDrive\Desktop\Compus\Project 2\tests\Joystick\joystick.X\joystick to pwm.asm
               SET_NOTE_E   0x000622    program     static C:\Users\adril\OneDrive\Desktop\Compus\Project 2\tests\Joystick\joystick.X\joystick to pwm.asm
               SET_NOTE_F   0x000634    program     static C:\Users\adril\OneDrive\Desktop\Compus\Project 2\tests\Joystick\joystick.X\joystick to pwm.asm
               SET_NOTE_G   0x000646    program     static C:\Users\adril\OneDrive\Desktop\Compus\Project 2\tests\Joystick\joystick.X\joystick to pwm.asm
               SET_NOTE_A   0x000658    program     static C:\Users\adril\OneDrive\Desktop\Compus\Project 2\tests\Joystick\joystick.X\joystick to pwm.asm
               SET_NOTE_B   0x00066a    program     static C:\Users\adril\OneDrive\Desktop\Compus\Project 2\tests\Joystick\joystick.X\joystick to pwm.asm
              SET_NOTE_C2   0x00067c    program     static C:\Users\adril\OneDrive\Desktop\Compus\Project 2\tests\Joystick\joystick.X\joystick to pwm.asm


