MPLINK 5.09, LINKER
Linker Map File - Created Fri Mar 25 00:37:57 2022

                                 Section Info
                  Section       Type    Address   Location Size(Bytes)
                ---------  ---------  ---------  ---------  ---------
                   .org_1       code   0x000000    program   0x000004
                   .cinit    romdata   0x000004    program   0x000002
                   .org_2       code   0x000008    program   0x000004
                   .org_0       code   0x000010    program   0x000008
                   .org_3       code   0x000018    program   0x0004aa
.config_300001_BUILD/DEFAULT/PRODUCTION/JOYSTIC    romdata   0x300001    program   0x000001
.config_300003_BUILD/DEFAULT/PRODUCTION/JOYSTIC    romdata   0x300003    program   0x000001
.config_300005_BUILD/DEFAULT/PRODUCTION/JOYSTIC    romdata   0x300005    program   0x000001



                              Program Memory Usage 
                               Start         End      
                           ---------   ---------      
                            0x000000    0x000005      
                            0x000008    0x00000b      
                            0x000010    0x0004c1      
                            0x300001    0x300001      
                            0x300003    0x300003      
                            0x300005    0x300005      
            1215 out of 8472 program addresses used, program memory utilization is 14%



                              Symbols - Sorted by Name
                     Name    Address   Location    Storage File                     
                ---------  ---------  ---------  --------- ---------                
           AUTOMATIC_LOOP   0x0002c8    program     static C:\Users\adril\OneDrive\Desktop\Compus\Project 2\tests\Joystick\joystick.X\joystick to pwm.asm
       CHANGE_MANUAL_MODE   0x00003a    program     static C:\Users\adril\OneDrive\Desktop\Compus\Project 2\tests\Joystick\joystick.X\joystick to pwm.asm
              CHANGE_MODE   0x00004a    program     static C:\Users\adril\OneDrive\Desktop\Compus\Project 2\tests\Joystick\joystick.X\joystick to pwm.asm
             CHECK_CENTRE   0x000262    program     static C:\Users\adril\OneDrive\Desktop\Compus\Project 2\tests\Joystick\joystick.X\joystick to pwm.asm
               CHECK_LEFT   0x00021a    program     static C:\Users\adril\OneDrive\Desktop\Compus\Project 2\tests\Joystick\joystick.X\joystick to pwm.asm
           CHECK_REC_TIME   0x000284    program     static C:\Users\adril\OneDrive\Desktop\Compus\Project 2\tests\Joystick\joystick.X\joystick to pwm.asm
              CHECK_RIGHT   0x00023e    program     static C:\Users\adril\OneDrive\Desktop\Compus\Project 2\tests\Joystick\joystick.X\joystick to pwm.asm
       CONVERT_Letter_Pos   0x000470    program     static C:\Users\adril\OneDrive\Desktop\Compus\Project 2\tests\Joystick\joystick.X\joystick to pwm.asm
         CONVERT_POS_TIME   0x00041e    program     static C:\Users\adril\OneDrive\Desktop\Compus\Project 2\tests\Joystick\joystick.X\joystick to pwm.asm
            DEBOUNCE_LOOP   0x00001a    program     static C:\Users\adril\OneDrive\Desktop\Compus\Project 2\tests\Joystick\joystick.X\joystick to pwm.asm
             DISPLAY_NOTE   0x0000de    program     static C:\Users\adril\OneDrive\Desktop\Compus\Project 2\tests\Joystick\joystick.X\joystick to pwm.asm
                    EQ_60   0x000298    program     static C:\Users\adril\OneDrive\Desktop\Compus\Project 2\tests\Joystick\joystick.X\joystick to pwm.asm
              GT_OR_EQ_60   0x00028e    program     static C:\Users\adril\OneDrive\Desktop\Compus\Project 2\tests\Joystick\joystick.X\joystick to pwm.asm
                 HIGH_RSI   0x00006a    program     static C:\Users\adril\OneDrive\Desktop\Compus\Project 2\tests\Joystick\joystick.X\joystick to pwm.asm
                 HIT_NOTE   0x0003e4    program     static C:\Users\adril\OneDrive\Desktop\Compus\Project 2\tests\Joystick\joystick.X\joystick to pwm.asm
          HIT_NOT_PRESSED   0x00037e    program     static C:\Users\adril\OneDrive\Desktop\Compus\Project 2\tests\Joystick\joystick.X\joystick to pwm.asm
                 High_PWM   0x000162    program     static C:\Users\adril\OneDrive\Desktop\Compus\Project 2\tests\Joystick\joystick.X\joystick to pwm.asm
              INIT_EUSART   0x000092    program     static C:\Users\adril\OneDrive\Desktop\Compus\Project 2\tests\Joystick\joystick.X\joystick to pwm.asm
          INIT_INTERRUPTS   0x00007e    program     static C:\Users\adril\OneDrive\Desktop\Compus\Project 2\tests\Joystick\joystick.X\joystick to pwm.asm
                 INIT_OSC   0x0000a6    program     static C:\Users\adril\OneDrive\Desktop\Compus\Project 2\tests\Joystick\joystick.X\joystick to pwm.asm
               INIT_PORTS   0x0000bc    program     static C:\Users\adril\OneDrive\Desktop\Compus\Project 2\tests\Joystick\joystick.X\joystick to pwm.asm
            INIT_TMR0_PWM   0x0000ac    program     static C:\Users\adril\OneDrive\Desktop\Compus\Project 2\tests\Joystick\joystick.X\joystick to pwm.asm
       INIT_TMR0_REC_IDLE   0x0000b4    program     static C:\Users\adril\OneDrive\Desktop\Compus\Project 2\tests\Joystick\joystick.X\joystick to pwm.asm
        INNER_BOUNCE_LOOP   0x00001c    program     static C:\Users\adril\OneDrive\Desktop\Compus\Project 2\tests\Joystick\joystick.X\joystick to pwm.asm
   JOYSTICK_INTERNAL_LOOP   0x000382    program     static C:\Users\adril\OneDrive\Desktop\Compus\Project 2\tests\Joystick\joystick.X\joystick to pwm.asm
                     MAIN   0x0002a0    program     static C:\Users\adril\OneDrive\Desktop\Compus\Project 2\tests\Joystick\joystick.X\joystick to pwm.asm
                MAIN_LOOP   0x0002b8    program     static C:\Users\adril\OneDrive\Desktop\Compus\Project 2\tests\Joystick\joystick.X\joystick to pwm.asm
              MANUAL_JAVA   0x00039e    program     static C:\Users\adril\OneDrive\Desktop\Compus\Project 2\tests\Joystick\joystick.X\joystick to pwm.asm
          MANUAL_JOYSTICK   0x000350    program     static C:\Users\adril\OneDrive\Desktop\Compus\Project 2\tests\Joystick\joystick.X\joystick to pwm.asm
              MANUAL_LOOP   0x00032c    program     static C:\Users\adril\OneDrive\Desktop\Compus\Project 2\tests\Joystick\joystick.X\joystick to pwm.asm
             MOVE_SERVO_X   0x000180    program     static C:\Users\adril\OneDrive\Desktop\Compus\Project 2\tests\Joystick\joystick.X\joystick to pwm.asm
             MOVE_SERVO_Y   0x0001d6    program     static C:\Users\adril\OneDrive\Desktop\Compus\Project 2\tests\Joystick\joystick.X\joystick to pwm.asm
                   NO_HIT   0x000380    program     static C:\Users\adril\OneDrive\Desktop\Compus\Project 2\tests\Joystick\joystick.X\joystick to pwm.asm
                  OVERRUN   0x0003de    program     static C:\Users\adril\OneDrive\Desktop\Compus\Project 2\tests\Joystick\joystick.X\joystick to pwm.asm
               READ_VALUE   0x0000d4    program     static C:\Users\adril\OneDrive\Desktop\Compus\Project 2\tests\Joystick\joystick.X\joystick to pwm.asm
                 REC_LEDS   0x00033c    program     static C:\Users\adril\OneDrive\Desktop\Compus\Project 2\tests\Joystick\joystick.X\joystick to pwm.asm
                 REC_OVER   0x000418    program     static C:\Users\adril\OneDrive\Desktop\Compus\Project 2\tests\Joystick\joystick.X\joystick to pwm.asm
                SAVE_NOTE   0x00041a    program     static C:\Users\adril\OneDrive\Desktop\Compus\Project 2\tests\Joystick\joystick.X\joystick to pwm.asm
              SELECT_MODE   0x000342    program     static C:\Users\adril\OneDrive\Desktop\Compus\Project 2\tests\Joystick\joystick.X\joystick to pwm.asm
               SET_NOTE_A   0x000138    program     static C:\Users\adril\OneDrive\Desktop\Compus\Project 2\tests\Joystick\joystick.X\joystick to pwm.asm
               SET_NOTE_B   0x000146    program     static C:\Users\adril\OneDrive\Desktop\Compus\Project 2\tests\Joystick\joystick.X\joystick to pwm.asm
               SET_NOTE_C   0x0000f2    program     static C:\Users\adril\OneDrive\Desktop\Compus\Project 2\tests\Joystick\joystick.X\joystick to pwm.asm
              SET_NOTE_C2   0x000154    program     static C:\Users\adril\OneDrive\Desktop\Compus\Project 2\tests\Joystick\joystick.X\joystick to pwm.asm
               SET_NOTE_D   0x000100    program     static C:\Users\adril\OneDrive\Desktop\Compus\Project 2\tests\Joystick\joystick.X\joystick to pwm.asm
               SET_NOTE_E   0x00010e    program     static C:\Users\adril\OneDrive\Desktop\Compus\Project 2\tests\Joystick\joystick.X\joystick to pwm.asm
               SET_NOTE_F   0x00011c    program     static C:\Users\adril\OneDrive\Desktop\Compus\Project 2\tests\Joystick\joystick.X\joystick to pwm.asm
               SET_NOTE_G   0x00012a    program     static C:\Users\adril\OneDrive\Desktop\Compus\Project 2\tests\Joystick\joystick.X\joystick to pwm.asm
            SET_RECORDING   0x000058    program     static C:\Users\adril\OneDrive\Desktop\Compus\Project 2\tests\Joystick\joystick.X\joystick to pwm.asm
              START_PWM_X   0x000194    program     static C:\Users\adril\OneDrive\Desktop\Compus\Project 2\tests\Joystick\joystick.X\joystick to pwm.asm
           TIME_AT_HIGH_Y   0x0001de    program     static C:\Users\adril\OneDrive\Desktop\Compus\Project 2\tests\Joystick\joystick.X\joystick to pwm.asm
            TIME_AT_LOW_X   0x00019e    program     static C:\Users\adril\OneDrive\Desktop\Compus\Project 2\tests\Joystick\joystick.X\joystick to pwm.asm
            TIME_AT_LOW_Y   0x0001fa    program     static C:\Users\adril\OneDrive\Desktop\Compus\Project 2\tests\Joystick\joystick.X\joystick to pwm.asm
                  WAIT_RX   0x0003a0    program     static C:\Users\adril\OneDrive\Desktop\Compus\Project 2\tests\Joystick\joystick.X\joystick to pwm.asm
             WAIT_RX_AUTO   0x0002d0    program     static C:\Users\adril\OneDrive\Desktop\Compus\Project 2\tests\Joystick\joystick.X\joystick to pwm.asm
        WAIT_RX_AUTO_PLAY   0x0002fc    program     static C:\Users\adril\OneDrive\Desktop\Compus\Project 2\tests\Joystick\joystick.X\joystick to pwm.asm
          WAIT_TRANS_AUTO   0x0002f6    program     static C:\Users\adril\OneDrive\Desktop\Compus\Project 2\tests\Joystick\joystick.X\joystick to pwm.asm
                   check2   0x000274    program     static C:\Users\adril\OneDrive\Desktop\Compus\Project 2\tests\Joystick\joystick.X\joystick to pwm.asm
                   middle   0x000280    program     static C:\Users\adril\OneDrive\Desktop\Compus\Project 2\tests\Joystick\joystick.X\joystick to pwm.asm



                              Symbols - Sorted by Address
                     Name    Address   Location    Storage File                     
                ---------  ---------  ---------  --------- ---------                
            DEBOUNCE_LOOP   0x00001a    program     static C:\Users\adril\OneDrive\Desktop\Compus\Project 2\tests\Joystick\joystick.X\joystick to pwm.asm
        INNER_BOUNCE_LOOP   0x00001c    program     static C:\Users\adril\OneDrive\Desktop\Compus\Project 2\tests\Joystick\joystick.X\joystick to pwm.asm
       CHANGE_MANUAL_MODE   0x00003a    program     static C:\Users\adril\OneDrive\Desktop\Compus\Project 2\tests\Joystick\joystick.X\joystick to pwm.asm
              CHANGE_MODE   0x00004a    program     static C:\Users\adril\OneDrive\Desktop\Compus\Project 2\tests\Joystick\joystick.X\joystick to pwm.asm
            SET_RECORDING   0x000058    program     static C:\Users\adril\OneDrive\Desktop\Compus\Project 2\tests\Joystick\joystick.X\joystick to pwm.asm
                 HIGH_RSI   0x00006a    program     static C:\Users\adril\OneDrive\Desktop\Compus\Project 2\tests\Joystick\joystick.X\joystick to pwm.asm
          INIT_INTERRUPTS   0x00007e    program     static C:\Users\adril\OneDrive\Desktop\Compus\Project 2\tests\Joystick\joystick.X\joystick to pwm.asm
              INIT_EUSART   0x000092    program     static C:\Users\adril\OneDrive\Desktop\Compus\Project 2\tests\Joystick\joystick.X\joystick to pwm.asm
                 INIT_OSC   0x0000a6    program     static C:\Users\adril\OneDrive\Desktop\Compus\Project 2\tests\Joystick\joystick.X\joystick to pwm.asm
            INIT_TMR0_PWM   0x0000ac    program     static C:\Users\adril\OneDrive\Desktop\Compus\Project 2\tests\Joystick\joystick.X\joystick to pwm.asm
       INIT_TMR0_REC_IDLE   0x0000b4    program     static C:\Users\adril\OneDrive\Desktop\Compus\Project 2\tests\Joystick\joystick.X\joystick to pwm.asm
               INIT_PORTS   0x0000bc    program     static C:\Users\adril\OneDrive\Desktop\Compus\Project 2\tests\Joystick\joystick.X\joystick to pwm.asm
               READ_VALUE   0x0000d4    program     static C:\Users\adril\OneDrive\Desktop\Compus\Project 2\tests\Joystick\joystick.X\joystick to pwm.asm
             DISPLAY_NOTE   0x0000de    program     static C:\Users\adril\OneDrive\Desktop\Compus\Project 2\tests\Joystick\joystick.X\joystick to pwm.asm
               SET_NOTE_C   0x0000f2    program     static C:\Users\adril\OneDrive\Desktop\Compus\Project 2\tests\Joystick\joystick.X\joystick to pwm.asm
               SET_NOTE_D   0x000100    program     static C:\Users\adril\OneDrive\Desktop\Compus\Project 2\tests\Joystick\joystick.X\joystick to pwm.asm
               SET_NOTE_E   0x00010e    program     static C:\Users\adril\OneDrive\Desktop\Compus\Project 2\tests\Joystick\joystick.X\joystick to pwm.asm
               SET_NOTE_F   0x00011c    program     static C:\Users\adril\OneDrive\Desktop\Compus\Project 2\tests\Joystick\joystick.X\joystick to pwm.asm
               SET_NOTE_G   0x00012a    program     static C:\Users\adril\OneDrive\Desktop\Compus\Project 2\tests\Joystick\joystick.X\joystick to pwm.asm
               SET_NOTE_A   0x000138    program     static C:\Users\adril\OneDrive\Desktop\Compus\Project 2\tests\Joystick\joystick.X\joystick to pwm.asm
               SET_NOTE_B   0x000146    program     static C:\Users\adril\OneDrive\Desktop\Compus\Project 2\tests\Joystick\joystick.X\joystick to pwm.asm
              SET_NOTE_C2   0x000154    program     static C:\Users\adril\OneDrive\Desktop\Compus\Project 2\tests\Joystick\joystick.X\joystick to pwm.asm
                 High_PWM   0x000162    program     static C:\Users\adril\OneDrive\Desktop\Compus\Project 2\tests\Joystick\joystick.X\joystick to pwm.asm
             MOVE_SERVO_X   0x000180    program     static C:\Users\adril\OneDrive\Desktop\Compus\Project 2\tests\Joystick\joystick.X\joystick to pwm.asm
              START_PWM_X   0x000194    program     static C:\Users\adril\OneDrive\Desktop\Compus\Project 2\tests\Joystick\joystick.X\joystick to pwm.asm
            TIME_AT_LOW_X   0x00019e    program     static C:\Users\adril\OneDrive\Desktop\Compus\Project 2\tests\Joystick\joystick.X\joystick to pwm.asm
             MOVE_SERVO_Y   0x0001d6    program     static C:\Users\adril\OneDrive\Desktop\Compus\Project 2\tests\Joystick\joystick.X\joystick to pwm.asm
           TIME_AT_HIGH_Y   0x0001de    program     static C:\Users\adril\OneDrive\Desktop\Compus\Project 2\tests\Joystick\joystick.X\joystick to pwm.asm
            TIME_AT_LOW_Y   0x0001fa    program     static C:\Users\adril\OneDrive\Desktop\Compus\Project 2\tests\Joystick\joystick.X\joystick to pwm.asm
               CHECK_LEFT   0x00021a    program     static C:\Users\adril\OneDrive\Desktop\Compus\Project 2\tests\Joystick\joystick.X\joystick to pwm.asm
              CHECK_RIGHT   0x00023e    program     static C:\Users\adril\OneDrive\Desktop\Compus\Project 2\tests\Joystick\joystick.X\joystick to pwm.asm
             CHECK_CENTRE   0x000262    program     static C:\Users\adril\OneDrive\Desktop\Compus\Project 2\tests\Joystick\joystick.X\joystick to pwm.asm
                   check2   0x000274    program     static C:\Users\adril\OneDrive\Desktop\Compus\Project 2\tests\Joystick\joystick.X\joystick to pwm.asm
                   middle   0x000280    program     static C:\Users\adril\OneDrive\Desktop\Compus\Project 2\tests\Joystick\joystick.X\joystick to pwm.asm
           CHECK_REC_TIME   0x000284    program     static C:\Users\adril\OneDrive\Desktop\Compus\Project 2\tests\Joystick\joystick.X\joystick to pwm.asm
              GT_OR_EQ_60   0x00028e    program     static C:\Users\adril\OneDrive\Desktop\Compus\Project 2\tests\Joystick\joystick.X\joystick to pwm.asm
                    EQ_60   0x000298    program     static C:\Users\adril\OneDrive\Desktop\Compus\Project 2\tests\Joystick\joystick.X\joystick to pwm.asm
                     MAIN   0x0002a0    program     static C:\Users\adril\OneDrive\Desktop\Compus\Project 2\tests\Joystick\joystick.X\joystick to pwm.asm
                MAIN_LOOP   0x0002b8    program     static C:\Users\adril\OneDrive\Desktop\Compus\Project 2\tests\Joystick\joystick.X\joystick to pwm.asm
           AUTOMATIC_LOOP   0x0002c8    program     static C:\Users\adril\OneDrive\Desktop\Compus\Project 2\tests\Joystick\joystick.X\joystick to pwm.asm
             WAIT_RX_AUTO   0x0002d0    program     static C:\Users\adril\OneDrive\Desktop\Compus\Project 2\tests\Joystick\joystick.X\joystick to pwm.asm
          WAIT_TRANS_AUTO   0x0002f6    program     static C:\Users\adril\OneDrive\Desktop\Compus\Project 2\tests\Joystick\joystick.X\joystick to pwm.asm
        WAIT_RX_AUTO_PLAY   0x0002fc    program     static C:\Users\adril\OneDrive\Desktop\Compus\Project 2\tests\Joystick\joystick.X\joystick to pwm.asm
              MANUAL_LOOP   0x00032c    program     static C:\Users\adril\OneDrive\Desktop\Compus\Project 2\tests\Joystick\joystick.X\joystick to pwm.asm
                 REC_LEDS   0x00033c    program     static C:\Users\adril\OneDrive\Desktop\Compus\Project 2\tests\Joystick\joystick.X\joystick to pwm.asm
              SELECT_MODE   0x000342    program     static C:\Users\adril\OneDrive\Desktop\Compus\Project 2\tests\Joystick\joystick.X\joystick to pwm.asm
          MANUAL_JOYSTICK   0x000350    program     static C:\Users\adril\OneDrive\Desktop\Compus\Project 2\tests\Joystick\joystick.X\joystick to pwm.asm
          HIT_NOT_PRESSED   0x00037e    program     static C:\Users\adril\OneDrive\Desktop\Compus\Project 2\tests\Joystick\joystick.X\joystick to pwm.asm
                   NO_HIT   0x000380    program     static C:\Users\adril\OneDrive\Desktop\Compus\Project 2\tests\Joystick\joystick.X\joystick to pwm.asm
   JOYSTICK_INTERNAL_LOOP   0x000382    program     static C:\Users\adril\OneDrive\Desktop\Compus\Project 2\tests\Joystick\joystick.X\joystick to pwm.asm
              MANUAL_JAVA   0x00039e    program     static C:\Users\adril\OneDrive\Desktop\Compus\Project 2\tests\Joystick\joystick.X\joystick to pwm.asm
                  WAIT_RX   0x0003a0    program     static C:\Users\adril\OneDrive\Desktop\Compus\Project 2\tests\Joystick\joystick.X\joystick to pwm.asm
                  OVERRUN   0x0003de    program     static C:\Users\adril\OneDrive\Desktop\Compus\Project 2\tests\Joystick\joystick.X\joystick to pwm.asm
                 HIT_NOTE   0x0003e4    program     static C:\Users\adril\OneDrive\Desktop\Compus\Project 2\tests\Joystick\joystick.X\joystick to pwm.asm
                 REC_OVER   0x000418    program     static C:\Users\adril\OneDrive\Desktop\Compus\Project 2\tests\Joystick\joystick.X\joystick to pwm.asm
                SAVE_NOTE   0x00041a    program     static C:\Users\adril\OneDrive\Desktop\Compus\Project 2\tests\Joystick\joystick.X\joystick to pwm.asm
         CONVERT_POS_TIME   0x00041e    program     static C:\Users\adril\OneDrive\Desktop\Compus\Project 2\tests\Joystick\joystick.X\joystick to pwm.asm
       CONVERT_Letter_Pos   0x000470    program     static C:\Users\adril\OneDrive\Desktop\Compus\Project 2\tests\Joystick\joystick.X\joystick to pwm.asm


