MPLINK 5.09, LINKER
Linker Map File - Created Fri Apr 01 23:07:07 2022

                                 Section Info
                  Section       Type    Address   Location Size(Bytes)
                ---------  ---------  ---------  ---------  ---------
                   .org_1       code   0x000000    program   0x000004
                   .cinit    romdata   0x000004    program   0x000002
                   .org_2       code   0x000008    program   0x000004
                   .org_0       code   0x000010    program   0x000008
                   .org_3       code   0x000018    program   0x0005dc
.config_300001_BUILD/DEFAULT/PRODUCTION/JOYSTIC    romdata   0x300001    program   0x000001
.config_300003_BUILD/DEFAULT/PRODUCTION/JOYSTIC    romdata   0x300003    program   0x000001
.config_300005_BUILD/DEFAULT/PRODUCTION/JOYSTIC    romdata   0x300005    program   0x000001



                              Program Memory Usage 
                               Start         End      
                           ---------   ---------      
                            0x000000    0x000005      
                            0x000008    0x00000b      
                            0x000010    0x0005f3      
                            0x300001    0x300001      
                            0x300003    0x300003      
                            0x300005    0x300005      
            1521 out of 8472 program addresses used, program memory utilization is 17%



                              Symbols - Sorted by Name
                     Name    Address   Location    Storage File                     
                ---------  ---------  ---------  --------- ---------                
                 ASK_JAVA   0x000116    program     static C:\Users\adril\OneDrive\Desktop\Compus\Project 2\tests\Joystick\joystick.X\joystick to pwm.asm
           AUTOMATIC_LOOP   0x000342    program     static C:\Users\adril\OneDrive\Desktop\Compus\Project 2\tests\Joystick\joystick.X\joystick to pwm.asm
       CHANGE_MANUAL_MODE   0x0000be    program     static C:\Users\adril\OneDrive\Desktop\Compus\Project 2\tests\Joystick\joystick.X\joystick to pwm.asm
              CHANGE_MODE   0x0000d2    program     static C:\Users\adril\OneDrive\Desktop\Compus\Project 2\tests\Joystick\joystick.X\joystick to pwm.asm
             CHECK_CENTRE   0x0002d0    program     static C:\Users\adril\OneDrive\Desktop\Compus\Project 2\tests\Joystick\joystick.X\joystick to pwm.asm
               CHECK_LEFT   0x000290    program     static C:\Users\adril\OneDrive\Desktop\Compus\Project 2\tests\Joystick\joystick.X\joystick to pwm.asm
           CHECK_REC_TIME   0x0002f2    program     static C:\Users\adril\OneDrive\Desktop\Compus\Project 2\tests\Joystick\joystick.X\joystick to pwm.asm
              CHECK_RIGHT   0x0002b0    program     static C:\Users\adril\OneDrive\Desktop\Compus\Project 2\tests\Joystick\joystick.X\joystick to pwm.asm
            CHECK_SERVO_X   0x00003e    program     static C:\Users\adril\OneDrive\Desktop\Compus\Project 2\tests\Joystick\joystick.X\joystick to pwm.asm
            CHECK_SERVO_Y   0x000064    program     static C:\Users\adril\OneDrive\Desktop\Compus\Project 2\tests\Joystick\joystick.X\joystick to pwm.asm
       CONVERT_Letter_Pos   0x000552    program     static C:\Users\adril\OneDrive\Desktop\Compus\Project 2\tests\Joystick\joystick.X\joystick to pwm.asm
         CONVERT_POS_TIME   0x000500    program     static C:\Users\adril\OneDrive\Desktop\Compus\Project 2\tests\Joystick\joystick.X\joystick to pwm.asm
                  COUNT_X   0x000054    program     static C:\Users\adril\OneDrive\Desktop\Compus\Project 2\tests\Joystick\joystick.X\joystick to pwm.asm
                  COUNT_Y   0x000080    program     static C:\Users\adril\OneDrive\Desktop\Compus\Project 2\tests\Joystick\joystick.X\joystick to pwm.asm
            DEBOUNCE_LOOP   0x0000a8    program     static C:\Users\adril\OneDrive\Desktop\Compus\Project 2\tests\Joystick\joystick.X\joystick to pwm.asm
               DELAY_LOOP   0x0001be    program     static C:\Users\adril\OneDrive\Desktop\Compus\Project 2\tests\Joystick\joystick.X\joystick to pwm.asm
DISABLE_INTERRUPTS_EXCEPT_PWM   0x000212    program     static C:\Users\adril\OneDrive\Desktop\Compus\Project 2\tests\Joystick\joystick.X\joystick to pwm.asm
             DISPLAY_NOTE   0x00027c    program     static C:\Users\adril\OneDrive\Desktop\Compus\Project 2\tests\Joystick\joystick.X\joystick to pwm.asm
               DONE_DELAY   0x0001e8    program     static C:\Users\adril\OneDrive\Desktop\Compus\Project 2\tests\Joystick\joystick.X\joystick to pwm.asm
             DONE_PLAYING   0x0001f0    program     static C:\Users\adril\OneDrive\Desktop\Compus\Project 2\tests\Joystick\joystick.X\joystick to pwm.asm
ENABLE_INTERRUPTS_EXCEPT_PWM   0x00021a    program     static C:\Users\adril\OneDrive\Desktop\Compus\Project 2\tests\Joystick\joystick.X\joystick to pwm.asm
              END_SERVO_Y   0x000090    program     static C:\Users\adril\OneDrive\Desktop\Compus\Project 2\tests\Joystick\joystick.X\joystick to pwm.asm
                    EQ_60   0x000306    program     static C:\Users\adril\OneDrive\Desktop\Compus\Project 2\tests\Joystick\joystick.X\joystick to pwm.asm
                 EQ_DELAY   0x0001dc    program     static C:\Users\adril\OneDrive\Desktop\Compus\Project 2\tests\Joystick\joystick.X\joystick to pwm.asm
              GT_OR_EQ_60   0x0002fc    program     static C:\Users\adril\OneDrive\Desktop\Compus\Project 2\tests\Joystick\joystick.X\joystick to pwm.asm
           GT_OR_EQ_DELAY   0x0001d2    program     static C:\Users\adril\OneDrive\Desktop\Compus\Project 2\tests\Joystick\joystick.X\joystick to pwm.asm
                 HIGH_RSI   0x0001f8    program     static C:\Users\adril\OneDrive\Desktop\Compus\Project 2\tests\Joystick\joystick.X\joystick to pwm.asm
                 HIT_NOTE   0x00046c    program     static C:\Users\adril\OneDrive\Desktop\Compus\Project 2\tests\Joystick\joystick.X\joystick to pwm.asm
          HIT_NOT_PRESSED   0x000404    program     static C:\Users\adril\OneDrive\Desktop\Compus\Project 2\tests\Joystick\joystick.X\joystick to pwm.asm
              INIT_EUSART   0x00023a    program     static C:\Users\adril\OneDrive\Desktop\Compus\Project 2\tests\Joystick\joystick.X\joystick to pwm.asm
          INIT_INTERRUPTS   0x000222    program     static C:\Users\adril\OneDrive\Desktop\Compus\Project 2\tests\Joystick\joystick.X\joystick to pwm.asm
                 INIT_OSC   0x00024e    program     static C:\Users\adril\OneDrive\Desktop\Compus\Project 2\tests\Joystick\joystick.X\joystick to pwm.asm
               INIT_PORTS   0x000258    program     static C:\Users\adril\OneDrive\Desktop\Compus\Project 2\tests\Joystick\joystick.X\joystick to pwm.asm
        INNER_BOUNCE_LOOP   0x0000ac    program     static C:\Users\adril\OneDrive\Desktop\Compus\Project 2\tests\Joystick\joystick.X\joystick to pwm.asm
   JOYSTICK_INTERNAL_LOOP   0x000408    program     static C:\Users\adril\OneDrive\Desktop\Compus\Project 2\tests\Joystick\joystick.X\joystick to pwm.asm
                     MAIN   0x00030e    program     static C:\Users\adril\OneDrive\Desktop\Compus\Project 2\tests\Joystick\joystick.X\joystick to pwm.asm
                MAIN_LOOP   0x00032c    program     static C:\Users\adril\OneDrive\Desktop\Compus\Project 2\tests\Joystick\joystick.X\joystick to pwm.asm
              MANUAL_JAVA   0x000424    program     static C:\Users\adril\OneDrive\Desktop\Compus\Project 2\tests\Joystick\joystick.X\joystick to pwm.asm
          MANUAL_JOYSTICK   0x0003e0    program     static C:\Users\adril\OneDrive\Desktop\Compus\Project 2\tests\Joystick\joystick.X\joystick to pwm.asm
              MANUAL_LOOP   0x0003ac    program     static C:\Users\adril\OneDrive\Desktop\Compus\Project 2\tests\Joystick\joystick.X\joystick to pwm.asm
            NEW_RECORDING   0x000136    program     static C:\Users\adril\OneDrive\Desktop\Compus\Project 2\tests\Joystick\joystick.X\joystick to pwm.asm
                   NO_HIT   0x000406    program     static C:\Users\adril\OneDrive\Desktop\Compus\Project 2\tests\Joystick\joystick.X\joystick to pwm.asm
                  OLD_REC   0x0000f8    program     static C:\Users\adril\OneDrive\Desktop\Compus\Project 2\tests\Joystick\joystick.X\joystick to pwm.asm
                  OVERRUN   0x000466    program     static C:\Users\adril\OneDrive\Desktop\Compus\Project 2\tests\Joystick\joystick.X\joystick to pwm.asm
    PLAY_BUTTON_INTERRUPT   0x000176    program     static C:\Users\adril\OneDrive\Desktop\Compus\Project 2\tests\Joystick\joystick.X\joystick to pwm.asm
                PLAY_LOOP   0x000198    program     static C:\Users\adril\OneDrive\Desktop\Compus\Project 2\tests\Joystick\joystick.X\joystick to pwm.asm
           PLAY_RECORDING   0x000188    program     static C:\Users\adril\OneDrive\Desktop\Compus\Project 2\tests\Joystick\joystick.X\joystick to pwm.asm
               READ_VALUE   0x000272    program     static C:\Users\adril\OneDrive\Desktop\Compus\Project 2\tests\Joystick\joystick.X\joystick to pwm.asm
           RECORD_PRESSED   0x000158    program     static C:\Users\adril\OneDrive\Desktop\Compus\Project 2\tests\Joystick\joystick.X\joystick to pwm.asm
      RECORD_PRESSED_LOOP   0x00016c    program     static C:\Users\adril\OneDrive\Desktop\Compus\Project 2\tests\Joystick\joystick.X\joystick to pwm.asm
                 REC_LEDS   0x0003cc    program     static C:\Users\adril\OneDrive\Desktop\Compus\Project 2\tests\Joystick\joystick.X\joystick to pwm.asm
                 REC_OVER   0x00047e    program     static C:\Users\adril\OneDrive\Desktop\Compus\Project 2\tests\Joystick\joystick.X\joystick to pwm.asm
                SAVE_NOTE   0x0004ae    program     static C:\Users\adril\OneDrive\Desktop\Compus\Project 2\tests\Joystick\joystick.X\joystick to pwm.asm
              SELECT_MODE   0x0003d2    program     static C:\Users\adril\OneDrive\Desktop\Compus\Project 2\tests\Joystick\joystick.X\joystick to pwm.asm
                SEND_NOTE   0x0004d0    program     static C:\Users\adril\OneDrive\Desktop\Compus\Project 2\tests\Joystick\joystick.X\joystick to pwm.asm
           SEND_STOP_JAVA   0x0004a0    program     static C:\Users\adril\OneDrive\Desktop\Compus\Project 2\tests\Joystick\joystick.X\joystick to pwm.asm
             SERVO_LOOP_X   0x000040    program     static C:\Users\adril\OneDrive\Desktop\Compus\Project 2\tests\Joystick\joystick.X\joystick to pwm.asm
             SERVO_LOOP_Y   0x000066    program     static C:\Users\adril\OneDrive\Desktop\Compus\Project 2\tests\Joystick\joystick.X\joystick to pwm.asm
       SERVO_X_COUNT_LOOP   0x000056    program     static C:\Users\adril\OneDrive\Desktop\Compus\Project 2\tests\Joystick\joystick.X\joystick to pwm.asm
       SERVO_Y_COUNT_LOOP   0x000082    program     static C:\Users\adril\OneDrive\Desktop\Compus\Project 2\tests\Joystick\joystick.X\joystick to pwm.asm
               SET_NOTE_A   0x0005d6    program     static C:\Users\adril\OneDrive\Desktop\Compus\Project 2\tests\Joystick\joystick.X\joystick to pwm.asm
               SET_NOTE_B   0x0005e0    program     static C:\Users\adril\OneDrive\Desktop\Compus\Project 2\tests\Joystick\joystick.X\joystick to pwm.asm
               SET_NOTE_C   0x0005a4    program     static C:\Users\adril\OneDrive\Desktop\Compus\Project 2\tests\Joystick\joystick.X\joystick to pwm.asm
              SET_NOTE_C2   0x0005ea    program     static C:\Users\adril\OneDrive\Desktop\Compus\Project 2\tests\Joystick\joystick.X\joystick to pwm.asm
               SET_NOTE_D   0x0005ae    program     static C:\Users\adril\OneDrive\Desktop\Compus\Project 2\tests\Joystick\joystick.X\joystick to pwm.asm
               SET_NOTE_E   0x0005b8    program     static C:\Users\adril\OneDrive\Desktop\Compus\Project 2\tests\Joystick\joystick.X\joystick to pwm.asm
               SET_NOTE_F   0x0005c2    program     static C:\Users\adril\OneDrive\Desktop\Compus\Project 2\tests\Joystick\joystick.X\joystick to pwm.asm
               SET_NOTE_G   0x0005cc    program     static C:\Users\adril\OneDrive\Desktop\Compus\Project 2\tests\Joystick\joystick.X\joystick to pwm.asm
            SET_RECORDING   0x0000e8    program     static C:\Users\adril\OneDrive\Desktop\Compus\Project 2\tests\Joystick\joystick.X\joystick to pwm.asm
            STILL_HITTING   0x0000a4    program     static C:\Users\adril\OneDrive\Desktop\Compus\Project 2\tests\Joystick\joystick.X\joystick to pwm.asm
           TMR0_INTERRUPT   0x00001a    program     static C:\Users\adril\OneDrive\Desktop\Compus\Project 2\tests\Joystick\joystick.X\joystick to pwm.asm
                  WAIT_RX   0x000426    program     static C:\Users\adril\OneDrive\Desktop\Compus\Project 2\tests\Joystick\joystick.X\joystick to pwm.asm
             WAIT_RX_AUTO   0x00034c    program     static C:\Users\adril\OneDrive\Desktop\Compus\Project 2\tests\Joystick\joystick.X\joystick to pwm.asm
        WAIT_RX_AUTO_PLAY   0x000380    program     static C:\Users\adril\OneDrive\Desktop\Compus\Project 2\tests\Joystick\joystick.X\joystick to pwm.asm
        WAIT_RX_START_REC   0x000120    program     static C:\Users\adril\OneDrive\Desktop\Compus\Project 2\tests\Joystick\joystick.X\joystick to pwm.asm
          WAIT_TRANS_AUTO   0x00037a    program     static C:\Users\adril\OneDrive\Desktop\Compus\Project 2\tests\Joystick\joystick.X\joystick to pwm.asm
       WAIT_TRANS_DELAY_H   0x0004f6    program     static C:\Users\adril\OneDrive\Desktop\Compus\Project 2\tests\Joystick\joystick.X\joystick to pwm.asm
       WAIT_TRANS_DELAY_L   0x0004e8    program     static C:\Users\adril\OneDrive\Desktop\Compus\Project 2\tests\Joystick\joystick.X\joystick to pwm.asm
   WAIT_TRANS_NOTE_LETTER   0x0004da    program     static C:\Users\adril\OneDrive\Desktop\Compus\Project 2\tests\Joystick\joystick.X\joystick to pwm.asm
     WAIT_TRANS_START_REC   0x00011a    program     static C:\Users\adril\OneDrive\Desktop\Compus\Project 2\tests\Joystick\joystick.X\joystick to pwm.asm
      WAIT_TRANS_STOP_REC   0x0004a4    program     static C:\Users\adril\OneDrive\Desktop\Compus\Project 2\tests\Joystick\joystick.X\joystick to pwm.asm
                WIPE_LOOP   0x000106    program     static C:\Users\adril\OneDrive\Desktop\Compus\Project 2\tests\Joystick\joystick.X\joystick to pwm.asm
                 WIPE_RAM   0x0000fe    program     static C:\Users\adril\OneDrive\Desktop\Compus\Project 2\tests\Joystick\joystick.X\joystick to pwm.asm
                   check2   0x0002e2    program     static C:\Users\adril\OneDrive\Desktop\Compus\Project 2\tests\Joystick\joystick.X\joystick to pwm.asm
                   middle   0x0002ee    program     static C:\Users\adril\OneDrive\Desktop\Compus\Project 2\tests\Joystick\joystick.X\joystick to pwm.asm



                              Symbols - Sorted by Address
                     Name    Address   Location    Storage File                     
                ---------  ---------  ---------  --------- ---------                
           TMR0_INTERRUPT   0x00001a    program     static C:\Users\adril\OneDrive\Desktop\Compus\Project 2\tests\Joystick\joystick.X\joystick to pwm.asm
            CHECK_SERVO_X   0x00003e    program     static C:\Users\adril\OneDrive\Desktop\Compus\Project 2\tests\Joystick\joystick.X\joystick to pwm.asm
             SERVO_LOOP_X   0x000040    program     static C:\Users\adril\OneDrive\Desktop\Compus\Project 2\tests\Joystick\joystick.X\joystick to pwm.asm
                  COUNT_X   0x000054    program     static C:\Users\adril\OneDrive\Desktop\Compus\Project 2\tests\Joystick\joystick.X\joystick to pwm.asm
       SERVO_X_COUNT_LOOP   0x000056    program     static C:\Users\adril\OneDrive\Desktop\Compus\Project 2\tests\Joystick\joystick.X\joystick to pwm.asm
            CHECK_SERVO_Y   0x000064    program     static C:\Users\adril\OneDrive\Desktop\Compus\Project 2\tests\Joystick\joystick.X\joystick to pwm.asm
             SERVO_LOOP_Y   0x000066    program     static C:\Users\adril\OneDrive\Desktop\Compus\Project 2\tests\Joystick\joystick.X\joystick to pwm.asm
                  COUNT_Y   0x000080    program     static C:\Users\adril\OneDrive\Desktop\Compus\Project 2\tests\Joystick\joystick.X\joystick to pwm.asm
       SERVO_Y_COUNT_LOOP   0x000082    program     static C:\Users\adril\OneDrive\Desktop\Compus\Project 2\tests\Joystick\joystick.X\joystick to pwm.asm
              END_SERVO_Y   0x000090    program     static C:\Users\adril\OneDrive\Desktop\Compus\Project 2\tests\Joystick\joystick.X\joystick to pwm.asm
            STILL_HITTING   0x0000a4    program     static C:\Users\adril\OneDrive\Desktop\Compus\Project 2\tests\Joystick\joystick.X\joystick to pwm.asm
            DEBOUNCE_LOOP   0x0000a8    program     static C:\Users\adril\OneDrive\Desktop\Compus\Project 2\tests\Joystick\joystick.X\joystick to pwm.asm
        INNER_BOUNCE_LOOP   0x0000ac    program     static C:\Users\adril\OneDrive\Desktop\Compus\Project 2\tests\Joystick\joystick.X\joystick to pwm.asm
       CHANGE_MANUAL_MODE   0x0000be    program     static C:\Users\adril\OneDrive\Desktop\Compus\Project 2\tests\Joystick\joystick.X\joystick to pwm.asm
              CHANGE_MODE   0x0000d2    program     static C:\Users\adril\OneDrive\Desktop\Compus\Project 2\tests\Joystick\joystick.X\joystick to pwm.asm
            SET_RECORDING   0x0000e8    program     static C:\Users\adril\OneDrive\Desktop\Compus\Project 2\tests\Joystick\joystick.X\joystick to pwm.asm
                  OLD_REC   0x0000f8    program     static C:\Users\adril\OneDrive\Desktop\Compus\Project 2\tests\Joystick\joystick.X\joystick to pwm.asm
                 WIPE_RAM   0x0000fe    program     static C:\Users\adril\OneDrive\Desktop\Compus\Project 2\tests\Joystick\joystick.X\joystick to pwm.asm
                WIPE_LOOP   0x000106    program     static C:\Users\adril\OneDrive\Desktop\Compus\Project 2\tests\Joystick\joystick.X\joystick to pwm.asm
                 ASK_JAVA   0x000116    program     static C:\Users\adril\OneDrive\Desktop\Compus\Project 2\tests\Joystick\joystick.X\joystick to pwm.asm
     WAIT_TRANS_START_REC   0x00011a    program     static C:\Users\adril\OneDrive\Desktop\Compus\Project 2\tests\Joystick\joystick.X\joystick to pwm.asm
        WAIT_RX_START_REC   0x000120    program     static C:\Users\adril\OneDrive\Desktop\Compus\Project 2\tests\Joystick\joystick.X\joystick to pwm.asm
            NEW_RECORDING   0x000136    program     static C:\Users\adril\OneDrive\Desktop\Compus\Project 2\tests\Joystick\joystick.X\joystick to pwm.asm
           RECORD_PRESSED   0x000158    program     static C:\Users\adril\OneDrive\Desktop\Compus\Project 2\tests\Joystick\joystick.X\joystick to pwm.asm
      RECORD_PRESSED_LOOP   0x00016c    program     static C:\Users\adril\OneDrive\Desktop\Compus\Project 2\tests\Joystick\joystick.X\joystick to pwm.asm
    PLAY_BUTTON_INTERRUPT   0x000176    program     static C:\Users\adril\OneDrive\Desktop\Compus\Project 2\tests\Joystick\joystick.X\joystick to pwm.asm
           PLAY_RECORDING   0x000188    program     static C:\Users\adril\OneDrive\Desktop\Compus\Project 2\tests\Joystick\joystick.X\joystick to pwm.asm
                PLAY_LOOP   0x000198    program     static C:\Users\adril\OneDrive\Desktop\Compus\Project 2\tests\Joystick\joystick.X\joystick to pwm.asm
               DELAY_LOOP   0x0001be    program     static C:\Users\adril\OneDrive\Desktop\Compus\Project 2\tests\Joystick\joystick.X\joystick to pwm.asm
           GT_OR_EQ_DELAY   0x0001d2    program     static C:\Users\adril\OneDrive\Desktop\Compus\Project 2\tests\Joystick\joystick.X\joystick to pwm.asm
                 EQ_DELAY   0x0001dc    program     static C:\Users\adril\OneDrive\Desktop\Compus\Project 2\tests\Joystick\joystick.X\joystick to pwm.asm
               DONE_DELAY   0x0001e8    program     static C:\Users\adril\OneDrive\Desktop\Compus\Project 2\tests\Joystick\joystick.X\joystick to pwm.asm
             DONE_PLAYING   0x0001f0    program     static C:\Users\adril\OneDrive\Desktop\Compus\Project 2\tests\Joystick\joystick.X\joystick to pwm.asm
                 HIGH_RSI   0x0001f8    program     static C:\Users\adril\OneDrive\Desktop\Compus\Project 2\tests\Joystick\joystick.X\joystick to pwm.asm
DISABLE_INTERRUPTS_EXCEPT_PWM   0x000212    program     static C:\Users\adril\OneDrive\Desktop\Compus\Project 2\tests\Joystick\joystick.X\joystick to pwm.asm
ENABLE_INTERRUPTS_EXCEPT_PWM   0x00021a    program     static C:\Users\adril\OneDrive\Desktop\Compus\Project 2\tests\Joystick\joystick.X\joystick to pwm.asm
          INIT_INTERRUPTS   0x000222    program     static C:\Users\adril\OneDrive\Desktop\Compus\Project 2\tests\Joystick\joystick.X\joystick to pwm.asm
              INIT_EUSART   0x00023a    program     static C:\Users\adril\OneDrive\Desktop\Compus\Project 2\tests\Joystick\joystick.X\joystick to pwm.asm
                 INIT_OSC   0x00024e    program     static C:\Users\adril\OneDrive\Desktop\Compus\Project 2\tests\Joystick\joystick.X\joystick to pwm.asm
               INIT_PORTS   0x000258    program     static C:\Users\adril\OneDrive\Desktop\Compus\Project 2\tests\Joystick\joystick.X\joystick to pwm.asm
               READ_VALUE   0x000272    program     static C:\Users\adril\OneDrive\Desktop\Compus\Project 2\tests\Joystick\joystick.X\joystick to pwm.asm
             DISPLAY_NOTE   0x00027c    program     static C:\Users\adril\OneDrive\Desktop\Compus\Project 2\tests\Joystick\joystick.X\joystick to pwm.asm
               CHECK_LEFT   0x000290    program     static C:\Users\adril\OneDrive\Desktop\Compus\Project 2\tests\Joystick\joystick.X\joystick to pwm.asm
              CHECK_RIGHT   0x0002b0    program     static C:\Users\adril\OneDrive\Desktop\Compus\Project 2\tests\Joystick\joystick.X\joystick to pwm.asm
             CHECK_CENTRE   0x0002d0    program     static C:\Users\adril\OneDrive\Desktop\Compus\Project 2\tests\Joystick\joystick.X\joystick to pwm.asm
                   check2   0x0002e2    program     static C:\Users\adril\OneDrive\Desktop\Compus\Project 2\tests\Joystick\joystick.X\joystick to pwm.asm
                   middle   0x0002ee    program     static C:\Users\adril\OneDrive\Desktop\Compus\Project 2\tests\Joystick\joystick.X\joystick to pwm.asm
           CHECK_REC_TIME   0x0002f2    program     static C:\Users\adril\OneDrive\Desktop\Compus\Project 2\tests\Joystick\joystick.X\joystick to pwm.asm
              GT_OR_EQ_60   0x0002fc    program     static C:\Users\adril\OneDrive\Desktop\Compus\Project 2\tests\Joystick\joystick.X\joystick to pwm.asm
                    EQ_60   0x000306    program     static C:\Users\adril\OneDrive\Desktop\Compus\Project 2\tests\Joystick\joystick.X\joystick to pwm.asm
                     MAIN   0x00030e    program     static C:\Users\adril\OneDrive\Desktop\Compus\Project 2\tests\Joystick\joystick.X\joystick to pwm.asm
                MAIN_LOOP   0x00032c    program     static C:\Users\adril\OneDrive\Desktop\Compus\Project 2\tests\Joystick\joystick.X\joystick to pwm.asm
           AUTOMATIC_LOOP   0x000342    program     static C:\Users\adril\OneDrive\Desktop\Compus\Project 2\tests\Joystick\joystick.X\joystick to pwm.asm
             WAIT_RX_AUTO   0x00034c    program     static C:\Users\adril\OneDrive\Desktop\Compus\Project 2\tests\Joystick\joystick.X\joystick to pwm.asm
          WAIT_TRANS_AUTO   0x00037a    program     static C:\Users\adril\OneDrive\Desktop\Compus\Project 2\tests\Joystick\joystick.X\joystick to pwm.asm
        WAIT_RX_AUTO_PLAY   0x000380    program     static C:\Users\adril\OneDrive\Desktop\Compus\Project 2\tests\Joystick\joystick.X\joystick to pwm.asm
              MANUAL_LOOP   0x0003ac    program     static C:\Users\adril\OneDrive\Desktop\Compus\Project 2\tests\Joystick\joystick.X\joystick to pwm.asm
                 REC_LEDS   0x0003cc    program     static C:\Users\adril\OneDrive\Desktop\Compus\Project 2\tests\Joystick\joystick.X\joystick to pwm.asm
              SELECT_MODE   0x0003d2    program     static C:\Users\adril\OneDrive\Desktop\Compus\Project 2\tests\Joystick\joystick.X\joystick to pwm.asm
          MANUAL_JOYSTICK   0x0003e0    program     static C:\Users\adril\OneDrive\Desktop\Compus\Project 2\tests\Joystick\joystick.X\joystick to pwm.asm
          HIT_NOT_PRESSED   0x000404    program     static C:\Users\adril\OneDrive\Desktop\Compus\Project 2\tests\Joystick\joystick.X\joystick to pwm.asm
                   NO_HIT   0x000406    program     static C:\Users\adril\OneDrive\Desktop\Compus\Project 2\tests\Joystick\joystick.X\joystick to pwm.asm
   JOYSTICK_INTERNAL_LOOP   0x000408    program     static C:\Users\adril\OneDrive\Desktop\Compus\Project 2\tests\Joystick\joystick.X\joystick to pwm.asm
              MANUAL_JAVA   0x000424    program     static C:\Users\adril\OneDrive\Desktop\Compus\Project 2\tests\Joystick\joystick.X\joystick to pwm.asm
                  WAIT_RX   0x000426    program     static C:\Users\adril\OneDrive\Desktop\Compus\Project 2\tests\Joystick\joystick.X\joystick to pwm.asm
                  OVERRUN   0x000466    program     static C:\Users\adril\OneDrive\Desktop\Compus\Project 2\tests\Joystick\joystick.X\joystick to pwm.asm
                 HIT_NOTE   0x00046c    program     static C:\Users\adril\OneDrive\Desktop\Compus\Project 2\tests\Joystick\joystick.X\joystick to pwm.asm
                 REC_OVER   0x00047e    program     static C:\Users\adril\OneDrive\Desktop\Compus\Project 2\tests\Joystick\joystick.X\joystick to pwm.asm
           SEND_STOP_JAVA   0x0004a0    program     static C:\Users\adril\OneDrive\Desktop\Compus\Project 2\tests\Joystick\joystick.X\joystick to pwm.asm
      WAIT_TRANS_STOP_REC   0x0004a4    program     static C:\Users\adril\OneDrive\Desktop\Compus\Project 2\tests\Joystick\joystick.X\joystick to pwm.asm
                SAVE_NOTE   0x0004ae    program     static C:\Users\adril\OneDrive\Desktop\Compus\Project 2\tests\Joystick\joystick.X\joystick to pwm.asm
                SEND_NOTE   0x0004d0    program     static C:\Users\adril\OneDrive\Desktop\Compus\Project 2\tests\Joystick\joystick.X\joystick to pwm.asm
   WAIT_TRANS_NOTE_LETTER   0x0004da    program     static C:\Users\adril\OneDrive\Desktop\Compus\Project 2\tests\Joystick\joystick.X\joystick to pwm.asm
       WAIT_TRANS_DELAY_L   0x0004e8    program     static C:\Users\adril\OneDrive\Desktop\Compus\Project 2\tests\Joystick\joystick.X\joystick to pwm.asm
       WAIT_TRANS_DELAY_H   0x0004f6    program     static C:\Users\adril\OneDrive\Desktop\Compus\Project 2\tests\Joystick\joystick.X\joystick to pwm.asm
         CONVERT_POS_TIME   0x000500    program     static C:\Users\adril\OneDrive\Desktop\Compus\Project 2\tests\Joystick\joystick.X\joystick to pwm.asm
       CONVERT_Letter_Pos   0x000552    program     static C:\Users\adril\OneDrive\Desktop\Compus\Project 2\tests\Joystick\joystick.X\joystick to pwm.asm
               SET_NOTE_C   0x0005a4    program     static C:\Users\adril\OneDrive\Desktop\Compus\Project 2\tests\Joystick\joystick.X\joystick to pwm.asm
               SET_NOTE_D   0x0005ae    program     static C:\Users\adril\OneDrive\Desktop\Compus\Project 2\tests\Joystick\joystick.X\joystick to pwm.asm
               SET_NOTE_E   0x0005b8    program     static C:\Users\adril\OneDrive\Desktop\Compus\Project 2\tests\Joystick\joystick.X\joystick to pwm.asm
               SET_NOTE_F   0x0005c2    program     static C:\Users\adril\OneDrive\Desktop\Compus\Project 2\tests\Joystick\joystick.X\joystick to pwm.asm
               SET_NOTE_G   0x0005cc    program     static C:\Users\adril\OneDrive\Desktop\Compus\Project 2\tests\Joystick\joystick.X\joystick to pwm.asm
               SET_NOTE_A   0x0005d6    program     static C:\Users\adril\OneDrive\Desktop\Compus\Project 2\tests\Joystick\joystick.X\joystick to pwm.asm
               SET_NOTE_B   0x0005e0    program     static C:\Users\adril\OneDrive\Desktop\Compus\Project 2\tests\Joystick\joystick.X\joystick to pwm.asm
              SET_NOTE_C2   0x0005ea    program     static C:\Users\adril\OneDrive\Desktop\Compus\Project 2\tests\Joystick\joystick.X\joystick to pwm.asm


