MPLINK 5.09, LINKER
Linker Map File - Created Thu Mar 24 12:00:10 2022

                                 Section Info
                  Section       Type    Address   Location Size(Bytes)
                ---------  ---------  ---------  ---------  ---------
                   .org_1       code   0x000000    program   0x000004
                   .cinit    romdata   0x000004    program   0x000002
                   .org_2       code   0x000008    program   0x000004
                   .org_0       code   0x000010    program   0x000008
                   .org_3       code   0x000018    program   0x0003a2
.config_300001_BUILD/DEFAULT/PRODUCTION/JOYSTIC    romdata   0x300001    program   0x000001
.config_300003_BUILD/DEFAULT/PRODUCTION/JOYSTIC    romdata   0x300003    program   0x000001
.config_300005_BUILD/DEFAULT/PRODUCTION/JOYSTIC    romdata   0x300005    program   0x000001



                              Program Memory Usage 
                               Start         End      
                           ---------   ---------      
                            0x000000    0x000005      
                            0x000008    0x00000b      
                            0x000010    0x0003b9      
                            0x300001    0x300001      
                            0x300003    0x300003      
                            0x300005    0x300005      
            951 out of 8472 program addresses used, program memory utilization is 11%



                              Symbols - Sorted by Name
                     Name    Address   Location    Storage File                     
                ---------  ---------  ---------  --------- ---------                
           AUTOMATIC_LOOP   0x00020a    program     static C:\Users\adril\OneDrive\Desktop\Compus\Project 2\tests\Joystick\joystick.X\joystick to pwm.asm
       CHANGE_MANUAL_MODE   0x00001a    program     static C:\Users\adril\OneDrive\Desktop\Compus\Project 2\tests\Joystick\joystick.X\joystick to pwm.asm
              CHANGE_MODE   0x000020    program     static C:\Users\adril\OneDrive\Desktop\Compus\Project 2\tests\Joystick\joystick.X\joystick to pwm.asm
             CHECK_CENTRE   0x0001c0    program     static C:\Users\adril\OneDrive\Desktop\Compus\Project 2\tests\Joystick\joystick.X\joystick to pwm.asm
               CHECK_LEFT   0x000178    program     static C:\Users\adril\OneDrive\Desktop\Compus\Project 2\tests\Joystick\joystick.X\joystick to pwm.asm
              CHECK_RIGHT   0x00019c    program     static C:\Users\adril\OneDrive\Desktop\Compus\Project 2\tests\Joystick\joystick.X\joystick to pwm.asm
       CONVERT_Letter_Pos   0x000368    program     static C:\Users\adril\OneDrive\Desktop\Compus\Project 2\tests\Joystick\joystick.X\joystick to pwm.asm
         CONVERT_POS_TIME   0x000316    program     static C:\Users\adril\OneDrive\Desktop\Compus\Project 2\tests\Joystick\joystick.X\joystick to pwm.asm
             DISPLAY_NOTE   0x000086    program     static C:\Users\adril\OneDrive\Desktop\Compus\Project 2\tests\Joystick\joystick.X\joystick to pwm.asm
                 HIGH_RSI   0x000026    program     static C:\Users\adril\OneDrive\Desktop\Compus\Project 2\tests\Joystick\joystick.X\joystick to pwm.asm
                 HIT_NOTE   0x0002f4    program     static C:\Users\adril\OneDrive\Desktop\Compus\Project 2\tests\Joystick\joystick.X\joystick to pwm.asm
          HIT_NOT_PRESSED   0x00029a    program     static C:\Users\adril\OneDrive\Desktop\Compus\Project 2\tests\Joystick\joystick.X\joystick to pwm.asm
                 High_PWM   0x0000ea    program     static C:\Users\adril\OneDrive\Desktop\Compus\Project 2\tests\Joystick\joystick.X\joystick to pwm.asm
              INIT_EUSART   0x000044    program     static C:\Users\adril\OneDrive\Desktop\Compus\Project 2\tests\Joystick\joystick.X\joystick to pwm.asm
          INIT_INTERRUPTS   0x000034    program     static C:\Users\adril\OneDrive\Desktop\Compus\Project 2\tests\Joystick\joystick.X\joystick to pwm.asm
                 INIT_OSC   0x000058    program     static C:\Users\adril\OneDrive\Desktop\Compus\Project 2\tests\Joystick\joystick.X\joystick to pwm.asm
               INIT_PORTS   0x000064    program     static C:\Users\adril\OneDrive\Desktop\Compus\Project 2\tests\Joystick\joystick.X\joystick to pwm.asm
                INIT_TMR0   0x00005e    program     static C:\Users\adril\OneDrive\Desktop\Compus\Project 2\tests\Joystick\joystick.X\joystick to pwm.asm
   JOYSTICK_INTERNAL_LOOP   0x00029e    program     static C:\Users\adril\OneDrive\Desktop\Compus\Project 2\tests\Joystick\joystick.X\joystick to pwm.asm
                     MAIN   0x0001e2    program     static C:\Users\adril\OneDrive\Desktop\Compus\Project 2\tests\Joystick\joystick.X\joystick to pwm.asm
                MAIN_LOOP   0x0001fa    program     static C:\Users\adril\OneDrive\Desktop\Compus\Project 2\tests\Joystick\joystick.X\joystick to pwm.asm
              MANUAL_JAVA   0x0002ba    program     static C:\Users\adril\OneDrive\Desktop\Compus\Project 2\tests\Joystick\joystick.X\joystick to pwm.asm
          MANUAL_JOYSTICK   0x000282    program     static C:\Users\adril\OneDrive\Desktop\Compus\Project 2\tests\Joystick\joystick.X\joystick to pwm.asm
              MANUAL_LOOP   0x00026e    program     static C:\Users\adril\OneDrive\Desktop\Compus\Project 2\tests\Joystick\joystick.X\joystick to pwm.asm
             MOVE_SERVO_X   0x000108    program     static C:\Users\adril\OneDrive\Desktop\Compus\Project 2\tests\Joystick\joystick.X\joystick to pwm.asm
             MOVE_SERVO_Y   0x000134    program     static C:\Users\adril\OneDrive\Desktop\Compus\Project 2\tests\Joystick\joystick.X\joystick to pwm.asm
                   NO_HIT   0x00029c    program     static C:\Users\adril\OneDrive\Desktop\Compus\Project 2\tests\Joystick\joystick.X\joystick to pwm.asm
                  OVERRUN   0x0002ee    program     static C:\Users\adril\OneDrive\Desktop\Compus\Project 2\tests\Joystick\joystick.X\joystick to pwm.asm
               READ_VALUE   0x00007c    program     static C:\Users\adril\OneDrive\Desktop\Compus\Project 2\tests\Joystick\joystick.X\joystick to pwm.asm
               SET_NOTE_A   0x0000cc    program     static C:\Users\adril\OneDrive\Desktop\Compus\Project 2\tests\Joystick\joystick.X\joystick to pwm.asm
               SET_NOTE_B   0x0000d6    program     static C:\Users\adril\OneDrive\Desktop\Compus\Project 2\tests\Joystick\joystick.X\joystick to pwm.asm
               SET_NOTE_C   0x00009a    program     static C:\Users\adril\OneDrive\Desktop\Compus\Project 2\tests\Joystick\joystick.X\joystick to pwm.asm
              SET_NOTE_C2   0x0000e0    program     static C:\Users\adril\OneDrive\Desktop\Compus\Project 2\tests\Joystick\joystick.X\joystick to pwm.asm
               SET_NOTE_D   0x0000a4    program     static C:\Users\adril\OneDrive\Desktop\Compus\Project 2\tests\Joystick\joystick.X\joystick to pwm.asm
               SET_NOTE_E   0x0000ae    program     static C:\Users\adril\OneDrive\Desktop\Compus\Project 2\tests\Joystick\joystick.X\joystick to pwm.asm
               SET_NOTE_F   0x0000b8    program     static C:\Users\adril\OneDrive\Desktop\Compus\Project 2\tests\Joystick\joystick.X\joystick to pwm.asm
               SET_NOTE_G   0x0000c2    program     static C:\Users\adril\OneDrive\Desktop\Compus\Project 2\tests\Joystick\joystick.X\joystick to pwm.asm
           TIME_AT_HIGH_Y   0x00013c    program     static C:\Users\adril\OneDrive\Desktop\Compus\Project 2\tests\Joystick\joystick.X\joystick to pwm.asm
            TIME_AT_LOW_X   0x000114    program     static C:\Users\adril\OneDrive\Desktop\Compus\Project 2\tests\Joystick\joystick.X\joystick to pwm.asm
            TIME_AT_LOW_Y   0x000158    program     static C:\Users\adril\OneDrive\Desktop\Compus\Project 2\tests\Joystick\joystick.X\joystick to pwm.asm
             WAIT_RX_AUTO   0x000212    program     static C:\Users\adril\OneDrive\Desktop\Compus\Project 2\tests\Joystick\joystick.X\joystick to pwm.asm
        WAIT_RX_AUTO_PLAY   0x00023e    program     static C:\Users\adril\OneDrive\Desktop\Compus\Project 2\tests\Joystick\joystick.X\joystick to pwm.asm
              WAIT_RX_MAN   0x0002bc    program     static C:\Users\adril\OneDrive\Desktop\Compus\Project 2\tests\Joystick\joystick.X\joystick to pwm.asm
          WAIT_TRANS_AUTO   0x000236    program     static C:\Users\adril\OneDrive\Desktop\Compus\Project 2\tests\Joystick\joystick.X\joystick to pwm.asm
                   check2   0x0001d2    program     static C:\Users\adril\OneDrive\Desktop\Compus\Project 2\tests\Joystick\joystick.X\joystick to pwm.asm
                   middle   0x0001de    program     static C:\Users\adril\OneDrive\Desktop\Compus\Project 2\tests\Joystick\joystick.X\joystick to pwm.asm



                              Symbols - Sorted by Address
                     Name    Address   Location    Storage File                     
                ---------  ---------  ---------  --------- ---------                
       CHANGE_MANUAL_MODE   0x00001a    program     static C:\Users\adril\OneDrive\Desktop\Compus\Project 2\tests\Joystick\joystick.X\joystick to pwm.asm
              CHANGE_MODE   0x000020    program     static C:\Users\adril\OneDrive\Desktop\Compus\Project 2\tests\Joystick\joystick.X\joystick to pwm.asm
                 HIGH_RSI   0x000026    program     static C:\Users\adril\OneDrive\Desktop\Compus\Project 2\tests\Joystick\joystick.X\joystick to pwm.asm
          INIT_INTERRUPTS   0x000034    program     static C:\Users\adril\OneDrive\Desktop\Compus\Project 2\tests\Joystick\joystick.X\joystick to pwm.asm
              INIT_EUSART   0x000044    program     static C:\Users\adril\OneDrive\Desktop\Compus\Project 2\tests\Joystick\joystick.X\joystick to pwm.asm
                 INIT_OSC   0x000058    program     static C:\Users\adril\OneDrive\Desktop\Compus\Project 2\tests\Joystick\joystick.X\joystick to pwm.asm
                INIT_TMR0   0x00005e    program     static C:\Users\adril\OneDrive\Desktop\Compus\Project 2\tests\Joystick\joystick.X\joystick to pwm.asm
               INIT_PORTS   0x000064    program     static C:\Users\adril\OneDrive\Desktop\Compus\Project 2\tests\Joystick\joystick.X\joystick to pwm.asm
               READ_VALUE   0x00007c    program     static C:\Users\adril\OneDrive\Desktop\Compus\Project 2\tests\Joystick\joystick.X\joystick to pwm.asm
             DISPLAY_NOTE   0x000086    program     static C:\Users\adril\OneDrive\Desktop\Compus\Project 2\tests\Joystick\joystick.X\joystick to pwm.asm
               SET_NOTE_C   0x00009a    program     static C:\Users\adril\OneDrive\Desktop\Compus\Project 2\tests\Joystick\joystick.X\joystick to pwm.asm
               SET_NOTE_D   0x0000a4    program     static C:\Users\adril\OneDrive\Desktop\Compus\Project 2\tests\Joystick\joystick.X\joystick to pwm.asm
               SET_NOTE_E   0x0000ae    program     static C:\Users\adril\OneDrive\Desktop\Compus\Project 2\tests\Joystick\joystick.X\joystick to pwm.asm
               SET_NOTE_F   0x0000b8    program     static C:\Users\adril\OneDrive\Desktop\Compus\Project 2\tests\Joystick\joystick.X\joystick to pwm.asm
               SET_NOTE_G   0x0000c2    program     static C:\Users\adril\OneDrive\Desktop\Compus\Project 2\tests\Joystick\joystick.X\joystick to pwm.asm
               SET_NOTE_A   0x0000cc    program     static C:\Users\adril\OneDrive\Desktop\Compus\Project 2\tests\Joystick\joystick.X\joystick to pwm.asm
               SET_NOTE_B   0x0000d6    program     static C:\Users\adril\OneDrive\Desktop\Compus\Project 2\tests\Joystick\joystick.X\joystick to pwm.asm
              SET_NOTE_C2   0x0000e0    program     static C:\Users\adril\OneDrive\Desktop\Compus\Project 2\tests\Joystick\joystick.X\joystick to pwm.asm
                 High_PWM   0x0000ea    program     static C:\Users\adril\OneDrive\Desktop\Compus\Project 2\tests\Joystick\joystick.X\joystick to pwm.asm
             MOVE_SERVO_X   0x000108    program     static C:\Users\adril\OneDrive\Desktop\Compus\Project 2\tests\Joystick\joystick.X\joystick to pwm.asm
            TIME_AT_LOW_X   0x000114    program     static C:\Users\adril\OneDrive\Desktop\Compus\Project 2\tests\Joystick\joystick.X\joystick to pwm.asm
             MOVE_SERVO_Y   0x000134    program     static C:\Users\adril\OneDrive\Desktop\Compus\Project 2\tests\Joystick\joystick.X\joystick to pwm.asm
           TIME_AT_HIGH_Y   0x00013c    program     static C:\Users\adril\OneDrive\Desktop\Compus\Project 2\tests\Joystick\joystick.X\joystick to pwm.asm
            TIME_AT_LOW_Y   0x000158    program     static C:\Users\adril\OneDrive\Desktop\Compus\Project 2\tests\Joystick\joystick.X\joystick to pwm.asm
               CHECK_LEFT   0x000178    program     static C:\Users\adril\OneDrive\Desktop\Compus\Project 2\tests\Joystick\joystick.X\joystick to pwm.asm
              CHECK_RIGHT   0x00019c    program     static C:\Users\adril\OneDrive\Desktop\Compus\Project 2\tests\Joystick\joystick.X\joystick to pwm.asm
             CHECK_CENTRE   0x0001c0    program     static C:\Users\adril\OneDrive\Desktop\Compus\Project 2\tests\Joystick\joystick.X\joystick to pwm.asm
                   check2   0x0001d2    program     static C:\Users\adril\OneDrive\Desktop\Compus\Project 2\tests\Joystick\joystick.X\joystick to pwm.asm
                   middle   0x0001de    program     static C:\Users\adril\OneDrive\Desktop\Compus\Project 2\tests\Joystick\joystick.X\joystick to pwm.asm
                     MAIN   0x0001e2    program     static C:\Users\adril\OneDrive\Desktop\Compus\Project 2\tests\Joystick\joystick.X\joystick to pwm.asm
                MAIN_LOOP   0x0001fa    program     static C:\Users\adril\OneDrive\Desktop\Compus\Project 2\tests\Joystick\joystick.X\joystick to pwm.asm
           AUTOMATIC_LOOP   0x00020a    program     static C:\Users\adril\OneDrive\Desktop\Compus\Project 2\tests\Joystick\joystick.X\joystick to pwm.asm
             WAIT_RX_AUTO   0x000212    program     static C:\Users\adril\OneDrive\Desktop\Compus\Project 2\tests\Joystick\joystick.X\joystick to pwm.asm
          WAIT_TRANS_AUTO   0x000236    program     static C:\Users\adril\OneDrive\Desktop\Compus\Project 2\tests\Joystick\joystick.X\joystick to pwm.asm
        WAIT_RX_AUTO_PLAY   0x00023e    program     static C:\Users\adril\OneDrive\Desktop\Compus\Project 2\tests\Joystick\joystick.X\joystick to pwm.asm
              MANUAL_LOOP   0x00026e    program     static C:\Users\adril\OneDrive\Desktop\Compus\Project 2\tests\Joystick\joystick.X\joystick to pwm.asm
          MANUAL_JOYSTICK   0x000282    program     static C:\Users\adril\OneDrive\Desktop\Compus\Project 2\tests\Joystick\joystick.X\joystick to pwm.asm
          HIT_NOT_PRESSED   0x00029a    program     static C:\Users\adril\OneDrive\Desktop\Compus\Project 2\tests\Joystick\joystick.X\joystick to pwm.asm
                   NO_HIT   0x00029c    program     static C:\Users\adril\OneDrive\Desktop\Compus\Project 2\tests\Joystick\joystick.X\joystick to pwm.asm
   JOYSTICK_INTERNAL_LOOP   0x00029e    program     static C:\Users\adril\OneDrive\Desktop\Compus\Project 2\tests\Joystick\joystick.X\joystick to pwm.asm
              MANUAL_JAVA   0x0002ba    program     static C:\Users\adril\OneDrive\Desktop\Compus\Project 2\tests\Joystick\joystick.X\joystick to pwm.asm
              WAIT_RX_MAN   0x0002bc    program     static C:\Users\adril\OneDrive\Desktop\Compus\Project 2\tests\Joystick\joystick.X\joystick to pwm.asm
                  OVERRUN   0x0002ee    program     static C:\Users\adril\OneDrive\Desktop\Compus\Project 2\tests\Joystick\joystick.X\joystick to pwm.asm
                 HIT_NOTE   0x0002f4    program     static C:\Users\adril\OneDrive\Desktop\Compus\Project 2\tests\Joystick\joystick.X\joystick to pwm.asm
         CONVERT_POS_TIME   0x000316    program     static C:\Users\adril\OneDrive\Desktop\Compus\Project 2\tests\Joystick\joystick.X\joystick to pwm.asm
       CONVERT_Letter_Pos   0x000368    program     static C:\Users\adril\OneDrive\Desktop\Compus\Project 2\tests\Joystick\joystick.X\joystick to pwm.asm


